Archive member included to satisfy reference by file (symbol)

C:/devkitPro/libnx/lib\libnx.a(nxlink_stdio.o)
                              main.o (nxlinkStdio)
C:/devkitPro/libnx/lib\libnx.a(argv.o)
                              C:/devkitPro/libnx/lib\libnx.a(nxlink_stdio.o) (__nxlink_host)
C:/devkitPro/libnx/lib\libnx.a(mutex.o)
                              main.o (mutexLock)
C:/devkitPro/libnx/lib\libnx.a(thread.o)
                              main.o (threadCreate)
C:/devkitPro/libnx/lib\libnx.a(socket.o)
                              main.o (socketGetDefaultInitConfig)
C:/devkitPro/libnx/lib\libnx.a(applet.o)
                              main.o (appletMainLoop)
C:/devkitPro/libnx/lib\libnx.a(sfdnsres.o)
                              C:/devkitPro/libnx/lib\libnx.a(socket.o) (sfdnsresGetHostByName)
C:/devkitPro/libnx/lib\libnx.a(audout.o)
                              main.o (audoutExit)
C:/devkitPro/libnx/lib\libnx.a(hid.o)
                              main.o (hidKeysHeld)
C:/devkitPro/libnx/lib\libnx.a(sm.o)
                              C:/devkitPro/libnx/lib\libnx.a(applet.o) (smGetService)
C:/devkitPro/libnx/lib\libnx.a(apm.o)
                              C:/devkitPro/libnx/lib\libnx.a(applet.o) (apmExit)
C:/devkitPro/libnx/lib\libnx.a(fatal.o)
                              C:/devkitPro/libnx/lib\libnx.a(applet.o) (fatalSimple)
C:/devkitPro/libnx/lib\libnx.a(bsd.o)
                              C:/devkitPro/libnx/lib\libnx.a(socket.o) (g_bsdResult)
C:/devkitPro/libnx/lib\libnx.a(gfx.o)
                              main.o (gfxInitResolutionDefault)
C:/devkitPro/libnx/lib\libnx.a(nvgfx.o)
                              C:/devkitPro/libnx/lib\libnx.a(gfx.o) (nvgfxInitialize)
C:/devkitPro/libnx/lib\libnx.a(nvhost-ctrl.o)
                              C:/devkitPro/libnx/lib\libnx.a(nvgfx.o) (nvioctlNvhostCtrl_EventWait)
C:/devkitPro/libnx/lib\libnx.a(nvhost-ctrl-gpu.o)
                              C:/devkitPro/libnx/lib\libnx.a(nvgfx.o) (nvioctlNvhostCtrlGpu_ZCullGetCtxSize)
C:/devkitPro/libnx/lib\libnx.a(nvhost-as-gpu.o)
                              C:/devkitPro/libnx/lib\libnx.a(nvgfx.o) (nvioctlNvhostAsGpu_BindChannel)
C:/devkitPro/libnx/lib\libnx.a(channel.o)
                              C:/devkitPro/libnx/lib\libnx.a(nvgfx.o) (nvioctlChannel_SetNvmapFd)
C:/devkitPro/libnx/lib\libnx.a(nvmap.o)
                              C:/devkitPro/libnx/lib\libnx.a(nvgfx.o) (nvioctlNvmap_Create)
C:/devkitPro/libnx/lib\libnx.a(cache.o)
                              C:/devkitPro/libnx/lib\libnx.a(gfx.o) (armDCacheFlush)
C:/devkitPro/libnx/lib\libnx.a(readtp.o)
                              C:/devkitPro/libnx/lib\libnx.a(socket.o) (__aarch64_read_tp)
C:/devkitPro/libnx/lib\libnx.a(switch_crt0.o)
                              (_start)
C:/devkitPro/libnx/lib\libnx.a(svc.o)
                              C:/devkitPro/libnx/lib\libnx.a(thread.o) (svcMapMemory)
C:/devkitPro/libnx/lib\libnx.a(dynamic.o)
                              C:/devkitPro/libnx/lib\libnx.a(switch_crt0.o) (__nx_dynamic)
C:/devkitPro/libnx/lib\libnx.a(env.o)
                              C:/devkitPro/libnx/lib\libnx.a(argv.o) (envIsNso)
C:/devkitPro/libnx/lib\libnx.a(init.o)
                              C:/devkitPro/libnx/lib\libnx.a(switch_crt0.o) (__libnx_init)
C:/devkitPro/libnx/lib\libnx.a(nxlink.o)
                              C:/devkitPro/libnx/lib\libnx.a(argv.o) (nxlinkSetup)
C:/devkitPro/libnx/lib\libnx.a(newlib.o)
                              C:/devkitPro/libnx/lib\libnx.a(init.o) (newlibSetup)
C:/devkitPro/libnx/lib\libnx.a(detect.o)
                              C:/devkitPro/libnx/lib\libnx.a(applet.o) (kernelAbove200)
C:/devkitPro/libnx/lib\libnx.a(tmem.o)
                              C:/devkitPro/libnx/lib\libnx.a(bsd.o) (tmemCreate)
C:/devkitPro/libnx/lib\libnx.a(rwlock.o)
                              C:/devkitPro/libnx/lib\libnx.a(hid.o) (rwlockReadLock)
C:/devkitPro/libnx/lib\libnx.a(shmem.o)
                              C:/devkitPro/libnx/lib\libnx.a(hid.o) (shmemLoadRemote)
C:/devkitPro/libnx/lib\libnx.a(virtmem.o)
                              C:/devkitPro/libnx/lib\libnx.a(init.o) (virtmemSetup)
C:/devkitPro/libnx/lib\libnx.a(fs_dev.o)
                              C:/devkitPro/libnx/lib\libnx.a(init.o) (fsdevMountSdmc)
C:/devkitPro/libnx/lib\libnx.a(time.o)
                              C:/devkitPro/libnx/lib\libnx.a(init.o) (timeExit)
C:/devkitPro/libnx/lib\libnx.a(vi.o)
                              C:/devkitPro/libnx/lib\libnx.a(gfx.o) (viExit)
C:/devkitPro/libnx/lib\libnx.a(nv.o)
                              C:/devkitPro/libnx/lib\libnx.a(gfx.o) (nvExit)
C:/devkitPro/libnx/lib\libnx.a(fs.o)
                              C:/devkitPro/libnx/lib\libnx.a(init.o) (fsInitialize)
C:/devkitPro/libnx/lib\libnx.a(buffer_producer.o)
                              C:/devkitPro/libnx/lib\libnx.a(gfx.o) (bufferProducerInitialize)
C:/devkitPro/libnx/lib\libnx.a(binder.o)
[...]
Memory Configuration

Name             Origin             Length             Attributes
*default*        0x0000000000000000 0xffffffffffffffff

Linker script and memory map

                0x0000000000000000                PROVIDE (__start__ = 0x0)
                0x0000000000000000                . = __start__

.crt0           0x0000000000000000      0x118
 *(.crt0)
 .crt0          0x0000000000000000      0x114 C:/devkitPro/libnx/lib\libnx.a(switch_crt0.o)
                0x0000000000000000                _start
                0x0000000000000104                __nx_exit
                0x0000000000000118                . = ALIGN (0x8)
 *fill*         0x0000000000000114        0x4 

.init           0x0000000000000118       0x38
 *(.init)
 .init          0x0000000000000118       0x18 c:/devkitpro/devkita64/bin/../lib/gcc/aarch64-none-elf/8.1.0/pic/crti.o
                0x0000000000000118                _init
 .init          0x0000000000000130       0x1c c:/devkitpro/devkita64/bin/../lib/gcc/aarch64-none-elf/8.1.0/pic/crtn.o
                0x0000000000000150                . = ALIGN (0x8)
 *fill*         0x000000000000014c        0x4 

.plt            0x0000000000000150        0x0
 *(.plt)
 .plt           0x0000000000000150        0x0 c:/devkitpro/devkita64/bin/../lib/gcc/aarch64-none-elf/8.1.0/pic/crti.o
 *(.iplt)
                0x0000000000000150                . = ALIGN (0x8)

.text           0x0000000000000180    0x9d930
 *(.text.unlikely .text.*_unlikely .text.unlikely.*)
 *(.text.exit .text.exit.*)
 *(.text.startup .text.startup.*)
 .text.startup._GLOBAL__sub_I__Z14utilIsGBAImagePKc
                0x0000000000000180       0x24 memory.o
 *fill*         0x00000000000001a4        0xc 
 .text.startup._GLOBAL__sub_I_soundSampleRate
                0x00000000000001b0       0x84 sound.o
 *fill*         0x0000000000000234        0xc 
 .text.startup.main
                0x0000000000000240      0x628 main.o
                0x0000000000000240                main
 *(.text.hot .text.hot.*)
 *(.text .stub .text.* .gnu.linkonce.t.*)
 .text.deregister_tm_clones
                0x0000000000000868       0x2c c:/devkitpro/devkita64/bin/../lib/gcc/aarch64-none-elf/8.1.0/pic/crtbegin.o
 *fill*         0x0000000000000894        0x4 
 .text.register_tm_clones
                0x0000000000000898       0x38 c:/devkitpro/devkita64/bin/../lib/gcc/aarch64-none-elf/8.1.0/pic/crtbegin.o
 .text.__do_global_dtors_aux
                0x00000000000008d0       0x48 c:/devkitpro/devkita64/bin/../lib/gcc/aarch64-none-elf/8.1.0/pic/crtbegin.o
 .text.frame_dummy
                0x0000000000000918       0x34 c:/devkitpro/devkita64/bin/../lib/gcc/aarch64-none-elf/8.1.0/pic/crtbegin.o
 *fill*         0x000000000000094c        0x4 
 .text._Z9sramWritejh
                0x0000000000000950       0x14 memory.o
                0x0000000000000950                sramWrite(unsigned int, unsigned char)
 *fill*         0x0000000000000964        0xc 
 .text._Z10flashWritejh
                0x0000000000000970      0x220 memory.o
                0x0000000000000970                flashWrite(unsigned int, unsigned char)
 .text._Z14utilIsGBAImagePKc
                0x0000000000000b90       0xe8 memory.o
                0x0000000000000b90                utilIsGBAImage(char const*)
 *fill*         0x0000000000000c78        0x8 
 .text._Z8utilLoadPKcPFbS0_EPhRi
                0x0000000000000c80       0xdc memory.o
                0x0000000000000c80                utilLoad(char const*, bool (*)(char const*), unsigned char*, int&)
 *fill*         0x0000000000000d5c        0x4 
 .text._Z15utilWriteIntMemRPhi
                0x0000000000000d60       0x18 memory.o
                0x0000000000000d60                utilWriteIntMem(unsigned char*&, int)
 *fill*         0x0000000000000d78        0x8 
 .text._Z12utilWriteMemRPhPKvj
                0x0000000000000d80       0x38 memory.o
                0x0000000000000d80                utilWriteMem(unsigned char*&, void const*, unsigned int)
 *fill*         0x0000000000000db8        0x8 
 .text._Z16utilWriteDataMemRPhP13variable_desc
                0x0000000000000dc0       0x58 memory.o
                0x0000000000000dc0                utilWriteDataMem(unsigned char*&, variable_desc*)
 *fill*         0x0000000000000e18        0x8 
 .text._Z14utilReadIntMemRPKh
                0x0000000000000e20       0x14 memory.o
                0x0000000000000e20                utilReadIntMem(unsigned char const*&)
 *fill*         0x0000000000000e34        0xc 
 .text._Z11utilReadMemPvRPKhj
                0x0000000000000e40       0x38 memory.o
                0x0000000000000e40                utilReadMem(void*, unsigned char const*&, unsigned int)
 *fill*         0x0000000000000e78        0x8 
 .text._Z15utilReadDataMemRPKhP13variable_desc
                0x0000000000000e80       0x58 memory.o
                0x0000000000000e80                utilReadDataMem(unsigned char const*&, variable_desc*)
 *fill*         0x0000000000000ed8        0x8 
 .text._Z9flashInitv
                0x0000000000000ee0       0x14 memory.o
                0x0000000000000ee0                flashInit()
 *fill*         0x0000000000000ef4        0xc 
 .text._Z10flashResetv
                0x0000000000000f00       0x14 memory.o
                0x0000000000000f00                flashReset()
 *fill*         0x0000000000000f14        0xc 
 .text._Z16flashSaveGameMemRPh
                0x0000000000000f20       0x58 memory.o
                0x0000000000000f20                flashSaveGameMem(unsigned char*&)
 *fill*         0x0000000000000f78        0x8 
 .text._Z16flashReadGameMemRPKhi
                0x0000000000000f80       0x60 memory.o
                0x0000000000000f80                flashReadGameMem(unsigned char const*&, int)
 .text._Z12flashSetSizei
                0x0000000000000fe0       0x84 memory.o
                0x0000000000000fe0                flashSetSize(int)
 *fill*         0x0000000000001064        0xc 
 .text._Z9flashReadj
                0x0000000000001070       0x8c memory.o
                0x0000000000001070                flashRead(unsigned int)
 *fill*         0x00000000000010fc        0x4 
 .text._Z15flashSaveDecidejh
                0x0000000000001100       0x64 memory.o
                0x0000000000001100                flashSaveDecide(unsigned int, unsigned char)
 *fill*         0x0000000000001164        0xc 
 .text._Z17flashDelayedWritejh
                0x0000000000001170       0x28 memory.o
                0x0000000000001170                flashDelayedWrite(unsigned int, unsigned char)
 *fill*         0x0000000000001198        0x8 
 .text._Z10eepromInitv
                0x00000000000011a0       0x14 memory.o
                0x00000000000011a0                eepromInit()
 *fill*         0x00000000000011b4        0xc 
 .text._Z11eepromResetv
                0x00000000000011c0       0x24 memory.o
                0x00000000000011c0                eepromReset()
 *fill*         0x00000000000011e4        0xc 
 .text._Z17eepromSaveGameMemRPh
                0x00000000000011f0       0x98 memory.o
                0x00000000000011f0                eepromSaveGameMem(unsigned char*&)
 *fill*         0x0000000000001288        0x8 
 .text._Z17eepromReadGameMemRPKhi
                0x0000000000001290       0x94 memory.o
                0x0000000000001290                eepromReadGameMem(unsigned char const*&, int)
 *fill*         0x0000000000001324        0xc 
 .text._Z10eepromReadv
                0x0000000000001330       0xc0 memory.o
                0x0000000000001330                eepromRead()
 .text._Z11eepromWriteh
                0x00000000000013f0      0x250 memory.o
                0x00000000000013f0                eepromWrite(unsigned char)
 .text._Z16sramDelayedWritejh
                0x0000000000001640       0x38 memory.o
                0x0000000000001640                sramDelayedWrite(unsigned int, unsigned char)
 *fill*         0x0000000000001678        0x8 
 .text._Z9rtcEnableb
                0x0000000000001680        0xc memory.o
                0x0000000000001680                rtcEnable(bool)
 *fill*         0x000000000000168c        0x4 
 .text._Z7rtcReadj
                0x0000000000001690       0x6c memory.o
                0x0000000000001690                rtcRead(unsigned int)
 *fill*         0x00000000000016fc        0x4 
 .text._Z8rtcWritejt
                0x0000000000001700      0x428 memory.o
                0x0000000000001700                rtcWrite(unsigned int, unsigned short)
 *fill*         0x0000000000001b28        0x8 
 .text._Z8rtcResetv
                0x0000000000001b30       0x18 memory.o
                0x0000000000001b30                rtcReset()
 *fill*         0x0000000000001b48        0x8 
 .text._Z14rtcSaveGameMemRPh
                0x0000000000001b50       0x34 memory.o
                0x0000000000001b50                rtcSaveGameMem(unsigned char*&)
 *fill*         0x0000000000001b84        0xc 
 .text._Z14rtcReadGameMemRPKh
                0x0000000000001b90       0x34 memory.o
                0x0000000000001b90                rtcReadGameMem(unsigned char const*&)
 *fill*         0x0000000000001bc4        0xc 
 .text._ZL20codeTicksAccessSeq32j
                0x0000000000001bd0       0x8c gba.o
 *fill*         0x0000000000001c5c        0x4 
 .text._ZL11BIOS_ArcTanv
                0x0000000000001c60       0x7c gba.o
 *fill*         0x0000000000001cdc        0x4 
 .text._ZL10thumb00_00j
                0x0000000000001ce0       0x30 gba.o
 .text._ZL10thumb00_01j
                0x0000000000001d10       0x3c gba.o
 *fill*         0x0000000000001d4c        0x4 
 .text._ZL10thumb00_02j
                0x0000000000001d50       0x3c gba.o
 *fill*         0x0000000000001d8c        0x4 
 .text._ZL10thumb00_03j
                0x0000000000001d90       0x3c gba.o
 *fill*         0x0000000000001dcc        0x4 
 .text._ZL10thumb00_04j
                0x0000000000001dd0       0x3c gba.o
 *fill*         0x0000000000001e0c        0x4 
 .text._ZL10thumb00_05j
                0x0000000000001e10       0x3c gba.o
 *fill*         0x0000000000001e4c        0x4 
 .text._ZL10thumb00_06j
                0x0000000000001e50       0x3c gba.o
 *fill*         0x0000000000001e8c        0x4 
 .text._ZL10thumb00_07j
                0x0000000000001e90       0x3c gba.o
 *fill*         0x0000000000001ecc        0x4 
 .text._ZL10thumb00_08j
                0x0000000000001ed0       0x3c gba.o
 *fill*         0x0000000000001f0c        0x4 
 .text._ZL10thumb00_09j
                0x0000000000001f10       0x3c gba.o
 *fill*         0x0000000000001f4c        0x4 
 .text._ZL10thumb00_0Aj
                0x0000000000001f50       0x3c gba.o
 *fill*         0x0000000000001f8c        0x4 
 .text._ZL10thumb00_0Bj
                0x0000000000001f90       0x3c gba.o
 *fill*         0x0000000000001fcc        0x4 
 .text._ZL10thumb00_0Cj
                0x0000000000001fd0       0x3c gba.o
 *fill*         0x000000000000200c        0x4 
 .text._ZL10thumb00_0Dj
                0x0000000000002010       0x3c gba.o
 *fill*         0x000000000000204c        0x4 
 .text._ZL10thumb00_0Ej
                0x0000000000002050       0x3c gba.o
 *fill*         0x000000000000208c        0x4 
 .text._ZL10thumb00_0Fj
                0x0000000000002090       0x3c gba.o
 *fill*         0x00000000000020cc        0x4 
 .text._ZL10thumb00_10j
                0x00000000000020d0       0x3c gba.o
 *fill*         0x000000000000210c        0x4 
 .text._ZL10thumb00_11j
                0x0000000000002110       0x3c gba.o
 *fill*         0x000000000000214c        0x4 
 .text._ZL10thumb00_12j
                0x0000000000002150       0x3c gba.o
 *fill*         0x000000000000218c        0x4 
 .text._ZL10thumb00_13j
                0x0000000000002190       0x3c gba.o
 *fill*         0x00000000000021cc        0x4 
 .text._ZL10thumb00_14j
                0x00000000000021d0       0x3c gba.o
 *fill*         0x000000000000220c        0x4 
 .text._ZL10thumb00_15j
                0x0000000000002210       0x3c gba.o
 *fill*         0x000000000000224c        0x4 
 .text._ZL10thumb00_16j
                0x0000000000002250       0x3c gba.o
 *fill*         0x000000000000228c        0x4 
 .text._ZL10thumb00_17j
                0x0000000000002290       0x3c gba.o
 *fill*         0x00000000000022cc        0x4 
 .text._ZL10thumb00_18j
                0x00000000000022d0       0x3c gba.o
 *fill*         0x000000000000230c        0x4 
 .text._ZL10thumb00_19j
                0x0000000000002310       0x3c gba.o
 *fill*         0x000000000000234c        0x4 
 .text._ZL10thumb00_1Aj
                0x0000000000002350       0x3c gba.o
 *fill*         0x000000000000238c        0x4 
 .text._ZL10thumb00_1Bj
                0x0000000000002390       0x3c gba.o
 *fill*         0x00000000000023cc        0x4 
 .text._ZL10thumb00_1Cj
                0x00000000000023d0       0x3c gba.o
 *fill*         0x000000000000240c        0x4 
 .text._ZL10thumb00_1Dj
                0x0000000000002410       0x3c gba.o
 *fill*         0x000000000000244c        0x4 
 .text._ZL10thumb00_1Ej
                0x0000000000002450       0x3c gba.o
 *fill*         0x000000000000248c        0x4 
 .text._ZL10thumb00_1Fj
                0x0000000000002490       0x40 gba.o
 .text._ZL10thumb08_00j
                0x00000000000024d0       0x30 gba.o
 .text._ZL10thumb08_01j
                0x0000000000002500       0x38 gba.o
 *fill*         0x0000000000002538        0x8 
 .text._ZL10thumb08_02j
                0x0000000000002540       0x38 gba.o
 *fill*         0x0000000000002578        0x8 
 .text._ZL10thumb08_03j
                0x0000000000002580       0x38 gba.o
 *fill*         0x00000000000025b8        0x8 
 .text._ZL10thumb08_04j
                0x00000000000025c0       0x38 gba.o
 *fill*         0x00000000000025f8        0x8 
 .text._ZL10thumb08_05j
                0x0000000000002600       0x38 gba.o
 *fill*         0x0000000000002638        0x8 
 .text._ZL10thumb08_06j
                0x0000000000002640       0x38 gba.o
 *fill*         0x0000000000002678        0x8 
 .text._ZL10thumb08_07j
                0x0000000000002680       0x38 gba.o
 *fill*         0x00000000000026b8        0x8 
 .text._ZL10thumb08_08j
                0x00000000000026c0       0x38 gba.o
 *fill*         0x00000000000026f8        0x8 
 .text._ZL10thumb08_09j
                0x0000000000002700       0x38 gba.o
 *fill*         0x0000000000002738        0x8 
 .text._ZL10thumb08_0Aj
                0x0000000000002740       0x38 gba.o
 *fill*         0x0000000000002778        0x8 
 .text._ZL10thumb08_0Bj
                0x0000000000002780       0x38 gba.o
 *fill*         0x00000000000027b8        0x8 
 .text._ZL10thumb08_0Cj
                0x00000000000027c0       0x38 gba.o
 *fill*         0x00000000000027f8        0x8 
 .text._ZL10thumb08_0Dj
                0x0000000000002800       0x38 gba.o
 *fill*         0x0000000000002838        0x8 
 .text._ZL10thumb08_0Ej
                0x0000000000002840       0x38 gba.o
 *fill*         0x0000000000002878        0x8 
 .text._ZL10thumb08_0Fj
                0x0000000000002880       0x38 gba.o
 *fill*         0x00000000000028b8        0x8 
 .text._ZL10thumb08_10j
                0x00000000000028c0       0x38 gba.o
 *fill*         0x00000000000028f8        0x8 
 .text._ZL10thumb08_11j
                0x0000000000002900       0x38 gba.o
 *fill*         0x0000000000002938        0x8 
 .text._ZL10thumb08_12j
                0x0000000000002940       0x38 gba.o
 *fill*         0x0000000000002978        0x8 
 .text._ZL10thumb08_13j
                0x0000000000002980       0x38 gba.o
 *fill*         0x00000000000029b8        0x8 
 .text._ZL10thumb08_14j
                0x00000000000029c0       0x38 gba.o
 *fill*         0x00000000000029f8        0x8 
 .text._ZL10thumb08_15j
                0x0000000000002a00       0x38 gba.o
 *fill*         0x0000000000002a38        0x8 
 .text._ZL10thumb08_16j
                0x0000000000002a40       0x38 gba.o
 *fill*         0x0000000000002a78        0x8 
 .text._ZL10thumb08_17j
                0x0000000000002a80       0x38 gba.o
 *fill*         0x0000000000002ab8        0x8 
 .text._ZL10thumb08_18j
                0x0000000000002ac0       0x38 gba.o
 *fill*         0x0000000000002af8        0x8 
 .text._ZL10thumb08_19j
                0x0000000000002b00       0x38 gba.o
 *fill*         0x0000000000002b38        0x8 
 .text._ZL10thumb08_1Aj
                0x0000000000002b40       0x38 gba.o
 *fill*         0x0000000000002b78        0x8 
 .text._ZL10thumb08_1Bj
                0x0000000000002b80       0x38 gba.o
 *fill*         0x0000000000002bb8        0x8 
 .text._ZL10thumb08_1Cj
                0x0000000000002bc0       0x38 gba.o
 *fill*         0x0000000000002bf8        0x8 
 .text._ZL10thumb08_1Dj
                0x0000000000002c00       0x38 gba.o
 *fill*         0x0000000000002c38        0x8 
 .text._ZL10thumb08_1Ej
                0x0000000000002c40       0x38 gba.o
 *fill*         0x0000000000002c78        0x8 
 .text._ZL10thumb08_1Fj
                0x0000000000002c80       0x34 gba.o
 *fill*         0x0000000000002cb4        0xc 
 .text._ZL10thumb10_00j
                0x0000000000002cc0       0x38 gba.o
 *fill*         0x0000000000002cf8        0x8 
 .text._ZL10thumb10_01j
                0x0000000000002d00       0x3c gba.o
 *fill*         0x0000000000002d3c        0x4 
 .text._ZL10thumb10_02j
                0x0000000000002d40       0x3c gba.o
 *fill*         0x0000000000002d7c        0x4 
 .text._ZL10thumb10_03j
                0x0000000000002d80       0x3c gba.o
 *fill*         0x0000000000002dbc        0x4 
 .text._ZL10thumb10_04j
                0x0000000000002dc0       0x3c gba.o
 *fill*         0x0000000000002dfc        0x4 
 .text._ZL10thumb10_05j
                0x0000000000002e00       0x3c gba.o
 *fill*         0x0000000000002e3c        0x4 
 .text._ZL10thumb10_06j
                0x0000000000002e40       0x3c gba.o
 *fill*         0x0000000000002e7c        0x4 
 .text._ZL10thumb10_07j
                0x0000000000002e80       0x3c gba.o
 *fill*         0x0000000000002ebc        0x4 
 .text._ZL10thumb10_08j
                0x0000000000002ec0       0x3c gba.o
 *fill*         0x0000000000002efc        0x4 
 .text._ZL10thumb10_09j
                0x0000000000002f00       0x3c gba.o
 *fill*         0x0000000000002f3c        0x4 
 .text._ZL10thumb10_0Aj
                0x0000000000002f40       0x3c gba.o
 *fill*         0x0000000000002f7c        0x4 
 .text._ZL10thumb10_0Bj
                0x0000000000002f80       0x3c gba.o
 *fill*         0x0000000000002fbc        0x4 
 .text._ZL10thumb10_0Cj
                0x0000000000002fc0       0x3c gba.o
 *fill*         0x0000000000002ffc        0x4 
 .text._ZL10thumb10_0Dj
                0x0000000000003000       0x3c gba.o
 *fill*         0x000000000000303c        0x4 
 .text._ZL10thumb10_0Ej
                0x0000000000003040       0x3c gba.o
 *fill*         0x000000000000307c        0x4 
 .text._ZL10thumb10_0Fj
                0x0000000000003080       0x3c gba.o
 *fill*         0x00000000000030bc        0x4 
 .text._ZL10thumb10_10j
                0x00000000000030c0       0x3c gba.o
 *fill*         0x00000000000030fc        0x4 
 .text._ZL10thumb10_11j
                0x0000000000003100       0x3c gba.o
 *fill*         0x000000000000313c        0x4 
 .text._ZL10thumb10_12j
                0x0000000000003140       0x3c gba.o
 *fill*         0x000000000000317c        0x4 
 .text._ZL10thumb10_13j
                0x0000000000003180       0x3c gba.o
 *fill*         0x00000000000031bc        0x4 
 .text._ZL10thumb10_14j
                0x00000000000031c0       0x3c gba.o
 *fill*         0x00000000000031fc        0x4 
 .text._ZL10thumb10_15j
                0x0000000000003200       0x3c gba.o
 *fill*         0x000000000000323c        0x4 
 .text._ZL10thumb10_16j
                0x0000000000003240       0x3c gba.o
 *fill*         0x000000000000327c        0x4 
 .text._ZL10thumb10_17j
                0x0000000000003280       0x3c gba.o
 *fill*         0x00000000000032bc        0x4 
 .text._ZL10thumb10_18j
                0x00000000000032c0       0x3c gba.o
 *fill*         0x00000000000032fc        0x4 
 .text._ZL10thumb10_19j
                0x0000000000003300       0x3c gba.o
 *fill*         0x000000000000333c        0x4 
 .text._ZL10thumb10_1Aj
                0x0000000000003340       0x3c gba.o
 *fill*         0x000000000000337c        0x4 
 .text._ZL10thumb10_1Bj
                0x0000000000003380       0x3c gba.o
 *fill*         0x00000000000033bc        0x4 
 .text._ZL10thumb10_1Cj
                0x00000000000033c0       0x3c gba.o
 *fill*         0x00000000000033fc        0x4 
 .text._ZL10thumb10_1Dj
                0x0000000000003400       0x3c gba.o
 *fill*         0x000000000000343c        0x4 
 .text._ZL10thumb10_1Ej
                0x0000000000003440       0x3c gba.o
 *fill*         0x000000000000347c        0x4 
 .text._ZL10thumb10_1Fj
                0x0000000000003480       0x38 gba.o
 *fill*         0x00000000000034b8        0x8 
 .text._ZL9thumb18_0j
                0x00000000000034c0       0x70 gba.o
 .text._ZL9thumb18_1j
                0x0000000000003530       0x70 gba.o
 .text._ZL9thumb18_2j
                0x00000000000035a0       0x70 gba.o
 .text._ZL9thumb18_3j
                0x0000000000003610       0x70 gba.o
 .text._ZL9thumb18_4j
                0x0000000000003680       0x70 gba.o
 .text._ZL9thumb18_5j
                0x00000000000036f0       0x70 gba.o
 .text._ZL9thumb18_6j
                0x0000000000003760       0x70 gba.o
 .text._ZL9thumb18_7j
                0x00000000000037d0       0x70 gba.o
 .text._ZL9thumb1A_0j
                0x0000000000003840       0x74 gba.o
 *fill*         0x00000000000038b4        0xc 
 .text._ZL9thumb1A_1j
                0x00000000000038c0       0x74 gba.o
 *fill*         0x0000000000003934        0xc 
 .text._ZL9thumb1A_2j
                0x0000000000003940       0x74 gba.o
 *fill*         0x00000000000039b4        0xc 
 .text._ZL9thumb1A_3j
                0x00000000000039c0       0x74 gba.o
 *fill*         0x0000000000003a34        0xc 
 .text._ZL9thumb1A_4j
                0x0000000000003a40       0x74 gba.o
 *fill*         0x0000000000003ab4        0xc 
 .text._ZL9thumb1A_5j
                0x0000000000003ac0       0x74 gba.o
 *fill*         0x0000000000003b34        0xc 
 .text._ZL9thumb1A_6j
                0x0000000000003b40       0x74 gba.o
 *fill*         0x0000000000003bb4        0xc 
 .text._ZL9thumb1A_7j
                0x0000000000003bc0       0x74 gba.o
 *fill*         0x0000000000003c34        0xc 
 .text._ZL9thumb1C_0j
                0x0000000000003c40       0x3c gba.o
 *fill*         0x0000000000003c7c        0x4 
 .text._ZL9thumb1C_1j
                0x0000000000003c80       0x48 gba.o
 *fill*         0x0000000000003cc8        0x8 
 .text._ZL9thumb1C_2j
                0x0000000000003cd0       0x48 gba.o
 *fill*         0x0000000000003d18        0x8 
 .text._ZL9thumb1C_3j
                0x0000000000003d20       0x48 gba.o
 *fill*         0x0000000000003d68        0x8 
 .text._ZL9thumb1C_4j
                0x0000000000003d70       0x48 gba.o
 *fill*         0x0000000000003db8        0x8 
 .text._ZL9thumb1C_5j
                0x0000000000003dc0       0x48 gba.o
 *fill*         0x0000000000003e08        0x8 
 .text._ZL9thumb1C_6j
                0x0000000000003e10       0x48 gba.o
 *fill*         0x0000000000003e58        0x8 
 .text._ZL9thumb1C_7j
                0x0000000000003e60       0x48 gba.o
 *fill*         0x0000000000003ea8        0x8 
 .text._ZL9thumb1E_0j
                0x0000000000003eb0       0x4c gba.o
 *fill*         0x0000000000003efc        0x4 
 .text._ZL9thumb1E_1j
                0x0000000000003f00       0x4c gba.o
 *fill*         0x0000000000003f4c        0x4 
 .text._ZL9thumb1E_2j
                0x0000000000003f50       0x4c gba.o
 *fill*         0x0000000000003f9c        0x4 
 .text._ZL9thumb1E_3j
                0x0000000000003fa0       0x4c gba.o
 *fill*         0x0000000000003fec        0x4 
 .text._ZL9thumb1E_4j
                0x0000000000003ff0       0x4c gba.o
 *fill*         0x000000000000403c        0x4 
 .text._ZL9thumb1E_5j
                0x0000000000004040       0x4c gba.o
 *fill*         0x000000000000408c        0x4 
 .text._ZL9thumb1E_6j
                0x0000000000004090       0x4c gba.o
 *fill*         0x00000000000040dc        0x4 
 .text._ZL9thumb1E_7j
                0x00000000000040e0       0x4c gba.o
 *fill*         0x000000000000412c        0x4 
 .text._ZL7thumb20j
                0x0000000000004130       0x20 gba.o
 .text._ZL7thumb21j
                0x0000000000004150       0x20 gba.o
 .text._ZL7thumb22j
                0x0000000000004170       0x20 gba.o
 .text._ZL7thumb23j
                0x0000000000004190       0x20 gba.o
 .text._ZL7thumb24j
                0x00000000000041b0       0x20 gba.o
 .text._ZL7thumb25j
                0x00000000000041d0       0x20 gba.o
 .text._ZL7thumb26j
                0x00000000000041f0       0x20 gba.o
 .text._ZL7thumb27j
                0x0000000000004210       0x20 gba.o
 .text._ZL7thumb28j
                0x0000000000004230       0x40 gba.o
 .text._ZL7thumb29j
                0x0000000000004270       0x40 gba.o
 .text._ZL7thumb2Aj
                0x00000000000042b0       0x40 gba.o
 .text._ZL7thumb2Bj
                0x00000000000042f0       0x40 gba.o
 .text._ZL7thumb2Cj
                0x0000000000004330       0x40 gba.o
 .text._ZL7thumb2Dj
                0x0000000000004370       0x40 gba.o
 .text._ZL7thumb2Ej
                0x00000000000043b0       0x40 gba.o
 .text._ZL7thumb2Fj
                0x00000000000043f0       0x40 gba.o
 .text._ZL7thumb30j
                0x0000000000004430       0x40 gba.o
 .text._ZL7thumb31j
                0x0000000000004470       0x40 gba.o
 .text._ZL7thumb32j
                0x00000000000044b0       0x40 gba.o
 .text._ZL7thumb33j
                0x00000000000044f0       0x40 gba.o
 .text._ZL7thumb34j
                0x0000000000004530       0x40 gba.o
 .text._ZL7thumb35j
                0x0000000000004570       0x40 gba.o
 .text._ZL7thumb36j
                0x00000000000045b0       0x40 gba.o
 .text._ZL7thumb37j
                0x00000000000045f0       0x40 gba.o
 .text._ZL7thumb38j
                0x0000000000004630       0x44 gba.o
 *fill*         0x0000000000004674        0xc 
 .text._ZL7thumb39j
                0x0000000000004680       0x44 gba.o
 *fill*         0x00000000000046c4        0xc 
 .text._ZL7thumb3Aj
                0x00000000000046d0       0x44 gba.o
 *fill*         0x0000000000004714        0xc 
 .text._ZL7thumb3Bj
                0x0000000000004720       0x44 gba.o
 *fill*         0x0000000000004764        0xc 
 .text._ZL7thumb3Cj
                0x0000000000004770       0x44 gba.o
 *fill*         0x00000000000047b4        0xc 
 .text._ZL7thumb3Dj
                0x00000000000047c0       0x44 gba.o
 *fill*         0x0000000000004804        0xc 
 .text._ZL7thumb3Ej
                0x0000000000004810       0x44 gba.o
 *fill*         0x0000000000004854        0xc 
 .text._ZL7thumb3Fj
                0x0000000000004860       0x44 gba.o
 *fill*         0x00000000000048a4        0xc 
 .text._ZL9thumb40_0j
                0x00000000000048b0       0x34 gba.o
 *fill*         0x00000000000048e4        0xc 
 .text._ZL9thumb40_1j
                0x00000000000048f0       0x38 gba.o
 *fill*         0x0000000000004928        0x8 
 .text._ZL9thumb41_1j
                0x0000000000004930       0x78 gba.o
 *fill*         0x00000000000049a8        0x8 
 .text._ZL9thumb41_2j
                0x00000000000049b0       0x80 gba.o
 .text._ZL9thumb42_0j
                0x0000000000004a30       0x30 gba.o
 .text._ZL9thumb42_1j
                0x0000000000004a60       0x4c gba.o
 *fill*         0x0000000000004aac        0x4 
 .text._ZL9thumb42_2j
                0x0000000000004ab0       0x70 gba.o
 .text._ZL9thumb42_3j
                0x0000000000004b20       0x6c gba.o
 *fill*         0x0000000000004b8c        0x4 
 .text._ZL9thumb43_0j
                0x0000000000004b90       0x38 gba.o
 *fill*         0x0000000000004bc8        0x8 
 .text._ZL9thumb43_2j
                0x0000000000004bd0       0x34 gba.o
 *fill*         0x0000000000004c04        0xc 
 .text._ZL9thumb43_3j
                0x0000000000004c10       0x34 gba.o
 *fill*         0x0000000000004c44        0xc 
 .text._ZL9thumb44_1j
                0x0000000000004c50       0x28 gba.o
 *fill*         0x0000000000004c78        0x8 
 .text._ZL9thumb45_1j
                0x0000000000004c80       0x74 gba.o
 *fill*         0x0000000000004cf4        0xc 
 .text._ZL9thumb45_2j
                0x0000000000004d00       0x74 gba.o
 *fill*         0x0000000000004d74        0xc 
 .text._ZL9thumb45_3j
                0x0000000000004d80       0x78 gba.o
 *fill*         0x0000000000004df8        0x8 
 .text._ZL9thumb46_1j
                0x0000000000004e00       0x20 gba.o
 .text._ZL7thumbA0j
                0x0000000000004e20       0x20 gba.o
 .text._ZL7thumbA8j
                0x0000000000004e40       0x1c gba.o
 *fill*         0x0000000000004e5c        0x4 
 .text._ZL7thumbB0j
                0x0000000000004e60       0x24 gba.o
 *fill*         0x0000000000004e84        0xc 
 .text._ZL14CPUUpdateTicksv
                0x0000000000004e90       0xc0 gba.o
 .text._ZL13CPUReadMemoryj
                0x0000000000004f50      0x260 gba.o
 .text._ZL15CPUReadHalfWordj
                0x00000000000051b0      0x380 gba.o
 .text._ZL13CPUSwitchModeibb
                0x0000000000005530      0x388 gba.o
 *fill*         0x00000000000058b8        0x8 
 .text._ZL14armUnknownInsnj
                0x00000000000058c0       0xac gba.o
 *fill*         0x000000000000596c        0x4 
 .text._ZL12CPUInterruptv
                0x0000000000005970       0xb8 gba.o
 *fill*         0x0000000000005a28        0x8 
 .text._ZL11CPUReadBytej
                0x0000000000005a30      0x1f8 gba.o
 *fill*         0x0000000000005c28        0x8 
 .text._Z24gfxDrawRotScreen16Bit160ILi0EEvRiS0_i.constprop.188
                0x0000000000005c30      0x290 gba.o
 .text._Z18mode5RenderLineAllILi0EEvv
                0x0000000000005ec0      0x498 gba.o
 *fill*         0x0000000000006358        0x8 
 .text._Z15mode5RenderLineILi0EEvv
                0x0000000000006360      0x1fc gba.o
 *fill*         0x000000000000655c        0x4 
 .text._Z23mode5RenderLineNoWindowILi0EEvv
                0x0000000000006560      0x32c gba.o
 *fill*         0x000000000000688c        0x4 
 .text._Z16gfxDrawRotScreenILi3ELi0EEvtttttttttRiS0_i.constprop.191
                0x0000000000006890      0x46c gba.o
 *fill*         0x0000000000006cfc        0x4 
 .text._Z16gfxDrawRotScreenILi2ELi0EEvtttttttttRiS0_i.constprop.192
                0x0000000000006d00      0x46c gba.o
 *fill*         0x000000000000716c        0x4 
 .text._Z18mode2RenderLineAllILi0EEvv
                0x0000000000007170      0x560 gba.o
 .text._Z15mode2RenderLineILi0EEvv
                0x00000000000076d0      0x2e0 gba.o
 .text._Z23mode2RenderLineNoWindowILi0EEvv
                0x00000000000079b0      0x458 gba.o
 *fill*         0x0000000000007e08        0x8 
 .text._ZL14armUnknownInsnj.constprop.194
                0x0000000000007e10       0xac gba.o
 *fill*         0x0000000000007ebc        0x4 
 .text._ZL15codeTicksAccessjh.constprop.199
                0x0000000000007ec0       0x78 gba.o
 *fill*         0x0000000000007f38        0x8 
 .text._ZL6arm810j
                0x0000000000007f40     0x10c0 gba.o
 .text._ZL6arm830j
                0x0000000000009000     0x102c gba.o
 *fill*         0x000000000000a02c        0x4 
 .text._ZL6arm890j
                0x000000000000a030     0x1068 gba.o
 *fill*         0x000000000000b098        0x8 
 .text._ZL6arm8B0j
                0x000000000000b0a0      0xfe8 gba.o
 *fill*         0x000000000000c088        0x8 
 .text._ZL6arm910j
                0x000000000000c090     0x10bc gba.o
 *fill*         0x000000000000d14c        0x4 
 .text._ZL6arm930j
                0x000000000000d150     0x102c gba.o
 *fill*         0x000000000000e17c        0x4 
 .text._ZL6arm990j
                0x000000000000e180     0x10a4 gba.o
 *fill*         0x000000000000f224        0xc 
 .text._ZL6arm9B0j
                0x000000000000f230      0xfec gba.o
 *fill*         0x000000000001021c        0x4 
 .text._ZL7thumbBDj
                0x0000000000010220      0x83c gba.o
 *fill*         0x0000000000010a5c        0x4 
 .text._Z21gfxDrawRotScreen16BitILi0EEvRiS0_i.constprop.190
                0x0000000000010a60      0x25c gba.o
 *fill*         0x0000000000010cbc        0x4 
 .text._Z18mode3RenderLineAllILi0EEvv
                0x0000000000010cc0      0x490 gba.o
 .text._Z15mode3RenderLineILi0EEvv
                0x0000000000011150      0x1fc gba.o
 *fill*         0x000000000001134c        0x4 
 .text._Z23mode3RenderLineNoWindowILi0EEvv
                0x0000000000011350      0x32c gba.o
 *fill*         0x000000000001167c        0x4 
 .text._Z19gfxDrawRotScreen256ILi0EEvRiS0_i.constprop.189
                0x0000000000011680      0x2b4 gba.o
 *fill*         0x0000000000011934        0xc 
 .text._Z18mode4RenderLineAllILi0EEvv
                0x0000000000011940      0x490 gba.o
 .text._Z15mode4RenderLineILi0EEvv
                0x0000000000011dd0      0x1fc gba.o
 *fill*         0x0000000000011fcc        0x4 
 .text._Z23mode4RenderLineNoWindowILi0EEvv
                0x0000000000011fd0      0x32c gba.o
 *fill*         0x00000000000122fc        0x4 
 .text._ZL7thumbF0j
                0x0000000000012300       0xa4 gba.o
 *fill*         0x00000000000123a4        0xc 
 .text._ZL7thumbF4j
                0x00000000000123b0       0xa8 gba.o
 *fill*         0x0000000000012458        0x8 
 .text._ZL9thumb41_3j
                0x0000000000012460       0xd8 gba.o
 *fill*         0x0000000000012538        0x8 
 .text._ZL9thumb40_2j
                0x0000000000012540      0x13c gba.o
 *fill*         0x000000000001267c        0x4 
 .text._ZL9thumb40_3j
                0x0000000000012680      0x134 gba.o
 *fill*         0x00000000000127b4        0xc 
 .text._ZL9thumb41_0j
                0x00000000000127c0      0x12c gba.o
 *fill*         0x00000000000128ec        0x4 
 .text._ZL9thumb43_1j
                0x00000000000128f0      0x140 gba.o
 .text._ZL7thumb98j
                0x0000000000012a30      0x120 gba.o
 .text._ZL7thumb48j
                0x0000000000012b50      0x118 gba.o
 *fill*         0x0000000000012c68        0x8 
 .text._ZL9thumb44_2j.part.123
                0x0000000000012c70      0x150 gba.o
 .text._ZL9thumb44_3j
                0x0000000000012dc0       0x38 gba.o
 *fill*         0x0000000000012df8        0x8 
 .text._ZL9thumb46_2j
                0x0000000000012e00       0x30 gba.o
 .text._ZL9thumb46_3j
                0x0000000000012e30       0x34 gba.o
 *fill*         0x0000000000012e64        0xc 
 .text._ZL9thumb44_2j
                0x0000000000012e70       0x34 gba.o
 *fill*         0x0000000000012ea4        0xc 
 .text._ZL6arm009j
                0x0000000000012eb0       0xfc gba.o
 *fill*         0x0000000000012fac        0x4 
 .text._ZL7thumbD0j.part.127
                0x0000000000012fb0      0x124 gba.o
 *fill*         0x00000000000130d4        0xc 
 .text._ZL7thumbD1j
                0x00000000000130e0       0x14 gba.o
 *fill*         0x00000000000130f4        0xc 
 .text._ZL7thumbD2j
                0x0000000000013100       0x14 gba.o
 *fill*         0x0000000000013114        0xc 
 .text._ZL7thumbD3j
                0x0000000000013120       0x14 gba.o
 *fill*         0x0000000000013134        0xc 
 .text._ZL7thumbD4j
                0x0000000000013140       0x14 gba.o
 *fill*         0x0000000000013154        0xc 
 .text._ZL7thumbD5j
                0x0000000000013160       0x14 gba.o
 *fill*         0x0000000000013174        0xc 
 .text._ZL7thumbD6j
                0x0000000000013180       0x14 gba.o
 *fill*         0x0000000000013194        0xc 
 .text._ZL7thumbD7j
                0x00000000000131a0       0x14 gba.o
 *fill*         0x00000000000131b4        0xc 
 .text._ZL7thumbD8j
                0x00000000000131c0       0x20 gba.o
 .text._ZL7thumbD9j
                0x00000000000131e0       0x20 gba.o
 .text._ZL7thumbDAj
                0x0000000000013200       0x20 gba.o
 .text._ZL7thumbDBj
                0x0000000000013220       0x20 gba.o
 .text._ZL7thumbDCj
                0x0000000000013240       0x28 gba.o
 *fill*         0x0000000000013268        0x8 
 .text._ZL7thumbD0j
                0x0000000000013270       0x14 gba.o
 *fill*         0x0000000000013284        0xc 
 .text._ZL7thumb78j
                0x0000000000013290      0x158 gba.o
 *fill*         0x00000000000133e8        0x8 
 .text._ZL6arm089j
                0x00000000000133f0      0x108 gba.o
 *fill*         0x00000000000134f8        0x8 
 .text._ZL6arm0C9j
                0x0000000000013500      0x108 gba.o
 *fill*         0x0000000000013608        0x8 
 .text._ZL6arm029j
                0x0000000000013610      0x104 gba.o
 *fill*         0x0000000000013714        0xc 
 .text._ZL6arm019j
                0x0000000000013720      0x110 gba.o
 .text._ZL7thumb88j
                0x0000000000013830      0x158 gba.o
 *fill*         0x0000000000013988        0x8 
 .text._ZL7thumb56j
                0x0000000000013990      0x15c gba.o
 *fill*         0x0000000000013aec        0x4 
 .text._ZL7thumb58j
                0x0000000000013af0      0x158 gba.o
 *fill*         0x0000000000013c48        0x8 
 .text._ZL7thumb5Aj
                0x0000000000013c50      0x158 gba.o
 *fill*         0x0000000000013da8        0x8 
 .text._ZL7thumb5Cj
                0x0000000000013db0      0x15c gba.o
 *fill*         0x0000000000013f0c        0x4 
 .text._ZL7thumb68j
                0x0000000000013f10      0x158 gba.o
 *fill*         0x0000000000014068        0x8 
 .text._ZL7thumbE0j
                0x0000000000014070      0x134 gba.o
 *fill*         0x00000000000141a4        0xc 
 .text._ZL7thumbF8j
                0x00000000000141b0      0x134 gba.o
 *fill*         0x00000000000142e4        0xc 
 .text._ZL7thumb5Ej
                0x00000000000142f0      0x168 gba.o
 *fill*         0x0000000000014458        0x8 
 .text._ZL6arm039j
                0x0000000000014460      0x118 gba.o
 *fill*         0x0000000000014578        0x8 
 .text._ZL6arm0E9j
                0x0000000000014580      0x114 gba.o
 *fill*         0x0000000000014694        0xc 
 .text._ZL6arm0A9j
                0x00000000000146a0      0x114 gba.o
 *fill*         0x00000000000147b4        0xc 
 .text._ZL6arm099j
                0x00000000000147c0      0x12c gba.o
 *fill*         0x00000000000148ec        0x4 
 .text._ZL6arm0D9j
                0x00000000000148f0      0x130 gba.o
 .text._ZL7thumbDDj
                0x0000000000014a20      0x130 gba.o
 .text._ZL6arm0F9j
                0x0000000000014b50      0x13c gba.o
 *fill*         0x0000000000014c8c        0x4 
 .text._ZL6arm0B9j
                0x0000000000014c90      0x138 gba.o
 *fill*         0x0000000000014dc8        0x8 
 .text._ZL13CPUSwitchModeibb.constprop.195
                0x0000000000014dd0      0x34c gba.o
 *fill*         0x000000000001511c        0x4 
 .text._ZL6arm120j
                0x0000000000015120      0x1fc gba.o
 *fill*         0x000000000001531c        0x4 
 .text._ZL6arm320j
                0x0000000000015320      0x204 gba.o
 *fill*         0x0000000000015524        0xc 
 .text._ZL6arm850j
                0x0000000000015530     0x17cc gba.o
 *fill*         0x0000000000016cfc        0x4 
 .text._ZL6arm870j
                0x0000000000016d00     0x18f0 gba.o
 .text._ZL6arm8D0j
                0x00000000000185f0     0x1808 gba.o
 *fill*         0x0000000000019df8        0x8 
 .text._ZL6arm8F0j
                0x0000000000019e00     0x1878 gba.o
 *fill*         0x000000000001b678        0x8 
 .text._ZL6arm950j
                0x000000000001b680     0x17c4 gba.o
 *fill*         0x000000000001ce44        0xc 
 .text._ZL6arm970j
                0x000000000001ce50     0x18e8 gba.o
 *fill*         0x000000000001e738        0x8 
 .text._ZL6arm9D0j
                0x000000000001e740     0x17fc gba.o
 *fill*         0x000000000001ff3c        0x4 
 .text._ZL6arm9F0j
                0x000000000001ff40     0x1880 gba.o
 .text._ZL6armA00j
                0x00000000000217c0      0x16c gba.o
 *fill*         0x000000000002192c        0x4 
 .text._ZL6armB00j
                0x0000000000021930      0x170 gba.o
 .text._ZL6arm5D0j
                0x0000000000021aa0      0x22c gba.o
 *fill*         0x0000000000021ccc        0x4 
 .text._ZL6arm510j
                0x0000000000021cd0      0x228 gba.o
 *fill*         0x0000000000021ef8        0x8 
 .text._ZL6arm550j
                0x0000000000021f00      0x22c gba.o
 *fill*         0x000000000002212c        0x4 
 .text._ZL6arm590j
                0x0000000000022130      0x228 gba.o
 *fill*         0x0000000000022358        0x8 
 .text._ZL6arm11Bj
                0x0000000000022360      0x22c gba.o
 *fill*         0x000000000002258c        0x4 
 .text._ZL6arm19Bj
                0x0000000000022590      0x22c gba.o
 *fill*         0x00000000000227bc        0x4 
 .text._ZL6arm11Dj
                0x00000000000227c0      0x230 gba.o
 .text._ZL6arm19Dj
                0x00000000000229f0      0x230 gba.o
 .text._ZL6arm5B0j
                0x0000000000022c20      0x24c gba.o
 *fill*         0x0000000000022e6c        0x4 
 .text._ZL6arm15Dj
                0x0000000000022e70      0x238 gba.o
 *fill*         0x00000000000230a8        0x8 
 .text._ZL6arm1DDj
                0x00000000000230b0      0x238 gba.o
 *fill*         0x00000000000232e8        0x8 
 .text._ZL6arm1DBj
                0x00000000000232f0      0x234 gba.o
 *fill*         0x0000000000023524        0xc 
 .text._ZL6arm530j
                0x0000000000023530      0x24c gba.o
 *fill*         0x000000000002377c        0x4 
 .text._ZL6arm15Bj
                0x0000000000023780      0x234 gba.o
 *fill*         0x00000000000239b4        0xc 
 .text._ZL6arm490j
                0x00000000000239c0      0x220 gba.o
 .text._ZL6arm5F0j
                0x0000000000023be0      0x250 gba.o
 .text._ZL6arm450j
                0x0000000000023e30      0x224 gba.o
 *fill*         0x0000000000024054        0xc 
 .text._ZL6arm410j
                0x0000000000024060      0x220 gba.o
 .text._ZL6arm4D0j
                0x0000000000024280      0x224 gba.o
 *fill*         0x00000000000244a4        0xc 
 .text._ZL6arm570j
                0x00000000000244b0      0x250 gba.o
 .text._ZL6arm710j
                0x0000000000024700      0x234 gba.o
 *fill*         0x0000000000024934        0xc 
 .text._ZL6arm750j
                0x0000000000024940      0x238 gba.o
 *fill*         0x0000000000024b78        0x8 
 .text._ZL6arm790j
                0x0000000000024b80      0x234 gba.o
 *fill*         0x0000000000024db4        0xc 
 .text._ZL6arm01Bj
                0x0000000000024dc0      0x220 gba.o
 .text._ZL6arm13Bj
                0x0000000000024fe0      0x250 gba.o
 .text._ZL6arm09Bj
                0x0000000000025230      0x220 gba.o
 .text._ZL6arm13Dj
                0x0000000000025450      0x254 gba.o
 *fill*         0x00000000000256a4        0xc 
 .text._ZL6arm1BBj
                0x00000000000256b0      0x250 gba.o
 .text._ZL6arm01Dj
                0x0000000000025900      0x224 gba.o
 *fill*         0x0000000000025b24        0xc 
 .text._ZL6arm09Dj
                0x0000000000025b30      0x224 gba.o
 *fill*         0x0000000000025d54        0xc 
 .text._ZL6arm1BDj
                0x0000000000025d60      0x254 gba.o
 *fill*         0x0000000000025fb4        0xc 
 .text._ZL6arm11Fj
                0x0000000000025fc0      0x244 gba.o
 *fill*         0x0000000000026204        0xc 
 .text._ZL6arm19Fj
                0x0000000000026210      0x244 gba.o
 *fill*         0x0000000000026454        0xc 
 .text._ZL6arm7D0j
                0x0000000000026460      0x238 gba.o
 *fill*         0x0000000000026698        0x8 
 .text._ZL6arm000j.part.1
                0x00000000000266a0      0x1ec gba.o
 *fill*         0x000000000002688c        0x4 
 .text._ZL6arm002j
                0x0000000000026890      0x108 gba.o
 *fill*         0x0000000000026998        0x8 
 .text._ZL6arm004j
                0x00000000000269a0       0xe4 gba.o
 *fill*         0x0000000000026a84        0xc 
 .text._ZL6arm006j
                0x0000000000026a90       0xe8 gba.o
 *fill*         0x0000000000026b78        0x8 
 .text._ZL6arm200j
                0x0000000000026b80       0xd8 gba.o
 *fill*         0x0000000000026c58        0x8 
 .text._ZL6arm020j
                0x0000000000026c60       0xd8 gba.o
 *fill*         0x0000000000026d38        0x8 
 .text._ZL6arm022j
                0x0000000000026d40      0x108 gba.o
 *fill*         0x0000000000026e48        0x8 
 .text._ZL6arm024j
                0x0000000000026e50       0xe4 gba.o
 *fill*         0x0000000000026f34        0xc 
 .text._ZL6arm026j
                0x0000000000026f40       0xe8 gba.o
 *fill*         0x0000000000027028        0x8 
 .text._ZL6arm220j
                0x0000000000027030       0xd8 gba.o
 *fill*         0x0000000000027108        0x8 
 .text._ZL6arm040j
                0x0000000000027110       0xd8 gba.o
 *fill*         0x00000000000271e8        0x8 
 .text._ZL6arm042j
                0x00000000000271f0      0x108 gba.o
 *fill*         0x00000000000272f8        0x8 
 .text._ZL6arm044j
                0x0000000000027300       0xe4 gba.o
 *fill*         0x00000000000273e4        0xc 
 .text._ZL6arm046j
                0x00000000000273f0       0xe8 gba.o
 *fill*         0x00000000000274d8        0x8 
 .text._ZL6arm240j
                0x00000000000274e0       0xd8 gba.o
 *fill*         0x00000000000275b8        0x8 
 .text._ZL6arm060j
                0x00000000000275c0       0xd8 gba.o
 *fill*         0x0000000000027698        0x8 
 .text._ZL6arm062j
                0x00000000000276a0      0x108 gba.o
 *fill*         0x00000000000277a8        0x8 
 .text._ZL6arm064j
                0x00000000000277b0       0xe4 gba.o
 *fill*         0x0000000000027894        0xc 
 .text._ZL6arm066j
                0x00000000000278a0       0xe8 gba.o
 *fill*         0x0000000000027988        0x8 
 .text._ZL6arm260j
                0x0000000000027990       0xd8 gba.o
 *fill*         0x0000000000027a68        0x8 
 .text._ZL6arm080j
                0x0000000000027a70       0xd8 gba.o
 *fill*         0x0000000000027b48        0x8 
 .text._ZL6arm082j
                0x0000000000027b50      0x108 gba.o
 *fill*         0x0000000000027c58        0x8 
 .text._ZL6arm084j
                0x0000000000027c60       0xe4 gba.o
 *fill*         0x0000000000027d44        0xc 
 .text._ZL6arm086j
                0x0000000000027d50       0xe8 gba.o
 *fill*         0x0000000000027e38        0x8 
 .text._ZL6arm280j
                0x0000000000027e40       0xd8 gba.o
 *fill*         0x0000000000027f18        0x8 
 .text._ZL6arm0A0j
                0x0000000000027f20       0xe0 gba.o
 .text._ZL6arm0A2j
                0x0000000000028000       0xec gba.o
 *fill*         0x00000000000280ec        0x4 
 .text._ZL6arm0A4j
                0x00000000000280f0       0xec gba.o
 *fill*         0x00000000000281dc        0x4 
 .text._ZL6arm0A6j
                0x00000000000281e0       0xec gba.o
 *fill*         0x00000000000282cc        0x4 
 .text._ZL6arm2A0j
                0x00000000000282d0       0xe0 gba.o
 .text._ZL6arm0C0j
                0x00000000000283b0       0xe4 gba.o
 *fill*         0x0000000000028494        0xc 
 .text._ZL6arm0C2j
                0x00000000000284a0       0xf0 gba.o
 .text._ZL6arm0C4j
                0x0000000000028590       0xf0 gba.o
 .text._ZL6arm0C6j
                0x0000000000028680       0xf0 gba.o
 .text._ZL6arm2C0j
                0x0000000000028770       0xe4 gba.o
 *fill*         0x0000000000028854        0xc 
 .text._ZL6arm0E0j
                0x0000000000028860       0xe4 gba.o
 *fill*         0x0000000000028944        0xc 
 .text._ZL6arm0E2j
                0x0000000000028950       0xf0 gba.o
 .text._ZL6arm0E4j
                0x0000000000028a40       0xf0 gba.o
 .text._ZL6arm0E6j
                0x0000000000028b30       0xf0 gba.o
 .text._ZL6arm2E0j
                0x0000000000028c20       0xe4 gba.o
 *fill*         0x0000000000028d04        0xc 
 .text._ZL6arm110j
                0x0000000000028d10       0xfc gba.o
 *fill*         0x0000000000028e0c        0x4 
 .text._ZL6arm112j
                0x0000000000028e10      0x100 gba.o
 .text._ZL6arm114j
                0x0000000000028f10      0x138 gba.o
 *fill*         0x0000000000029048        0x8 
 .text._ZL6arm310j
                0x0000000000029050       0xfc gba.o
 *fill*         0x000000000002914c        0x4 
 .text._ZL6arm130j
                0x0000000000029150      0x100 gba.o
 .text._ZL6arm132j
                0x0000000000029250      0x108 gba.o
 *fill*         0x0000000000029358        0x8 
 .text._ZL6arm134j
                0x0000000000029360      0x10c gba.o
 *fill*         0x000000000002946c        0x4 
 .text._ZL6arm330j
                0x0000000000029470      0x100 gba.o
 .text._ZL6arm180j
                0x0000000000029570       0xd8 gba.o
 *fill*         0x0000000000029648        0x8 
 .text._ZL6arm182j
                0x0000000000029650      0x108 gba.o
 *fill*         0x0000000000029758        0x8 
 .text._ZL6arm184j
                0x0000000000029760       0xe4 gba.o
 *fill*         0x0000000000029844        0xc 
 .text._ZL6arm186j
                0x0000000000029850       0xe8 gba.o
 *fill*         0x0000000000029938        0x8 
 .text._ZL6arm380j
                0x0000000000029940       0xd8 gba.o
 *fill*         0x0000000000029a18        0x8 
 .text._ZL6arm1A0j
                0x0000000000029a20       0xcc gba.o
 *fill*         0x0000000000029aec        0x4 
 .text._ZL6arm1A2j
                0x0000000000029af0       0xf0 gba.o
 .text._ZL6arm1A4j
                0x0000000000029be0       0xd8 gba.o
 *fill*         0x0000000000029cb8        0x8 
 .text._ZL6arm1A6j
                0x0000000000029cc0       0xdc gba.o
 *fill*         0x0000000000029d9c        0x4 
 .text._ZL6arm3A0j
                0x0000000000029da0       0xcc gba.o
 *fill*         0x0000000000029e6c        0x4 
 .text._ZL6arm1C0j
                0x0000000000029e70       0xd8 gba.o
 *fill*         0x0000000000029f48        0x8 
 .text._ZL6arm1C2j
                0x0000000000029f50      0x10c gba.o
 *fill*         0x000000000002a05c        0x4 
 .text._ZL6arm1C4j
                0x000000000002a060       0xe4 gba.o
 *fill*         0x000000000002a144        0xc 
 .text._ZL6arm1C6j
                0x000000000002a150       0xe8 gba.o
 *fill*         0x000000000002a238        0x8 
 .text._ZL6arm3C0j
                0x000000000002a240       0xd8 gba.o
 *fill*         0x000000000002a318        0x8 
 .text._ZL6arm1E0j
                0x000000000002a320       0xd0 gba.o
 .text._ZL6arm1E2j
                0x000000000002a3f0       0xf4 gba.o
 *fill*         0x000000000002a4e4        0xc 
 .text._ZL6arm1E4j
                0x000000000002a4f0       0xdc gba.o
 *fill*         0x000000000002a5cc        0x4 
 .text._ZL6arm1E6j
                0x000000000002a5d0       0xe0 gba.o
 .text._ZL6arm3E0j
                0x000000000002a6b0       0xd0 gba.o
 .text._ZL6arm000j
                0x000000000002a780       0xd8 gba.o
 *fill*         0x000000000002a858        0x8 
 .text._ZL6arm001j.part.2
                0x000000000002a860      0x1ec gba.o
 *fill*         0x000000000002aa4c        0x4 
 .text._ZL6arm003j
                0x000000000002aa50      0x120 gba.o
 .text._ZL6arm005j
                0x000000000002ab70      0x118 gba.o
 *fill*         0x000000000002ac88        0x8 
 .text._ZL6arm007j
                0x000000000002ac90       0xe8 gba.o
 *fill*         0x000000000002ad78        0x8 
 .text._ZL6arm021j
                0x000000000002ad80      0x120 gba.o
 .text._ZL6arm023j
                0x000000000002aea0      0x120 gba.o
 .text._ZL6arm025j
                0x000000000002afc0      0x118 gba.o
 *fill*         0x000000000002b0d8        0x8 
 .text._ZL6arm027j
                0x000000000002b0e0       0xe8 gba.o
 *fill*         0x000000000002b1c8        0x8 
 .text._ZL6arm041j
                0x000000000002b1d0      0x120 gba.o
 .text._ZL6arm043j
                0x000000000002b2f0      0x120 gba.o
 .text._ZL6arm045j
                0x000000000002b410      0x118 gba.o
 *fill*         0x000000000002b528        0x8 
 .text._ZL6arm047j
                0x000000000002b530       0xe8 gba.o
 *fill*         0x000000000002b618        0x8 
 .text._ZL6arm061j
                0x000000000002b620      0x120 gba.o
 .text._ZL6arm063j
                0x000000000002b740      0x120 gba.o
 .text._ZL6arm065j
                0x000000000002b860      0x118 gba.o
 *fill*         0x000000000002b978        0x8 
 .text._ZL6arm067j
                0x000000000002b980       0xe8 gba.o
 *fill*         0x000000000002ba68        0x8 
 .text._ZL6arm081j
                0x000000000002ba70      0x120 gba.o
 .text._ZL6arm083j
                0x000000000002bb90      0x120 gba.o
 .text._ZL6arm085j
                0x000000000002bcb0      0x118 gba.o
 *fill*         0x000000000002bdc8        0x8 
 .text._ZL6arm087j
                0x000000000002bdd0       0xe8 gba.o
 *fill*         0x000000000002beb8        0x8 
 .text._ZL6arm0A1j
                0x000000000002bec0      0x10c gba.o
 *fill*         0x000000000002bfcc        0x4 
 .text._ZL6arm0A3j
                0x000000000002bfd0      0x10c gba.o
 *fill*         0x000000000002c0dc        0x4 
 .text._ZL6arm0A7j
                0x000000000002c0e0       0xf0 gba.o
 .text._ZL6arm0C7j
                0x000000000002c1d0       0xf4 gba.o
 *fill*         0x000000000002c2c4        0xc 
 .text._ZL6arm0E7j
                0x000000000002c2d0       0xf4 gba.o
 *fill*         0x000000000002c3c4        0xc 
 .text._ZL6arm181j
                0x000000000002c3d0      0x120 gba.o
 .text._ZL6arm183j
                0x000000000002c4f0      0x120 gba.o
 .text._ZL6arm185j
                0x000000000002c610      0x118 gba.o
 *fill*         0x000000000002c728        0x8 
 .text._ZL6arm187j
                0x000000000002c730       0xe8 gba.o
 *fill*         0x000000000002c818        0x8 
 .text._ZL6arm1A1j
                0x000000000002c820      0x108 gba.o
 *fill*         0x000000000002c928        0x8 
 .text._ZL6arm1A3j
                0x000000000002c930      0x108 gba.o
 *fill*         0x000000000002ca38        0x8 
 .text._ZL6arm1A5j
                0x000000000002ca40      0x100 gba.o
 .text._ZL6arm1A7j
                0x000000000002cb40       0xdc gba.o
 *fill*         0x000000000002cc1c        0x4 
 .text._ZL6arm1C1j
                0x000000000002cc20      0x128 gba.o
 *fill*         0x000000000002cd48        0x8 
 .text._ZL6arm1C3j
                0x000000000002cd50      0x128 gba.o
 *fill*         0x000000000002ce78        0x8 
 .text._ZL6arm1C7j
                0x000000000002ce80       0xe8 gba.o
 *fill*         0x000000000002cf68        0x8 
 .text._ZL6arm1E1j
                0x000000000002cf70      0x110 gba.o
 .text._ZL6arm1E3j
                0x000000000002d080      0x110 gba.o
 .text._ZL6arm1E5j
                0x000000000002d190      0x108 gba.o
 *fill*         0x000000000002d298        0x8 
 .text._ZL6arm1E7j
                0x000000000002d2a0       0xe0 gba.o
 .text._ZL6arm001j
                0x000000000002d380      0x120 gba.o
 .text._ZL6arm712j
                0x000000000002d4a0      0x240 gba.o
 .text._ZL6arm752j
                0x000000000002d6e0      0x244 gba.o
 *fill*         0x000000000002d924        0xc 
 .text._ZL6arm792j
                0x000000000002d930      0x240 gba.o
 .text._ZL6arm7D2j
                0x000000000002db70      0x244 gba.o
 *fill*         0x000000000002ddb4        0xc 
 .text._ZL6arm1FDj
                0x000000000002ddc0      0x25c gba.o
 *fill*         0x000000000002e01c        0x4 
 .text._ZL6arm15Fj
                0x000000000002e020      0x24c gba.o
 *fill*         0x000000000002e26c        0x4 
 .text._ZL6arm05Dj
                0x000000000002e270      0x230 gba.o
 .text._ZL6arm0DBj
                0x000000000002e4a0      0x22c gba.o
 *fill*         0x000000000002e6cc        0x4 
 .text._ZL6arm0DDj
                0x000000000002e6d0      0x230 gba.o
 .text._ZL6arm1FBj
                0x000000000002e900      0x258 gba.o
 *fill*         0x000000000002eb58        0x8 
 .text._ZL6arm05Bj
                0x000000000002eb60      0x22c gba.o
 *fill*         0x000000000002ed8c        0x4 
 .text._ZL6arm17Bj
                0x000000000002ed90      0x258 gba.o
 *fill*         0x000000000002efe8        0x8 
 .text._ZL6arm17Dj
                0x000000000002eff0      0x25c gba.o
 *fill*         0x000000000002f24c        0x4 
 .text._ZL6arm1DFj
                0x000000000002f250      0x24c gba.o
 *fill*         0x000000000002f49c        0x4 
 .text._ZL6arm0E3j
                0x000000000002f4a0      0x110 gba.o
 .text._ZL6arm0E1j
                0x000000000002f5b0      0x110 gba.o
 .text._ZL6arm136j
                0x000000000002f6c0      0x10c gba.o
 *fill*         0x000000000002f7cc        0x4 
 .text._ZL6arm116j
                0x000000000002f7d0      0x108 gba.o
 *fill*         0x000000000002f8d8        0x8 
 .text._ZL6arm0C1j
                0x000000000002f8e0      0x110 gba.o
 .text._ZL6arm1C5j
                0x000000000002f9f0      0x118 gba.o
 *fill*         0x000000000002fb08        0x8 
 .text._ZL6arm152j
                0x000000000002fb10      0x110 gba.o
 .text._ZL6arm0C3j
                0x000000000002fc20      0x110 gba.o
 .text._ZL6arm610j
                0x000000000002fd30      0x22c gba.o
 *fill*         0x000000000002ff5c        0x4 
 .text._ZL6arm770j
                0x000000000002ff60      0x25c gba.o
 *fill*         0x00000000000301bc        0x4 
 .text._ZL6arm730j
                0x00000000000301c0      0x258 gba.o
 *fill*         0x0000000000030418        0x8 
 .text._ZL6arm6D0j
                0x0000000000030420      0x230 gba.o
 .text._ZL6arm690j
                0x0000000000030650      0x22c gba.o
 *fill*         0x000000000003087c        0x4 
 .text._ZL6arm7F0j
                0x0000000000030880      0x25c gba.o
 *fill*         0x0000000000030adc        0x4 
 .text._ZL6arm650j
                0x0000000000030ae0      0x230 gba.o
 .text._ZL6arm1BFj
                0x0000000000030d10      0x268 gba.o
 *fill*         0x0000000000030f78        0x8 
 .text._ZL6arm7B0j
                0x0000000000030f80      0x258 gba.o
 *fill*         0x00000000000311d8        0x8 
 .text._ZL6arm09Fj
                0x00000000000311e0      0x238 gba.o
 *fill*         0x0000000000031418        0x8 
 .text._ZL6arm13Fj
                0x0000000000031420      0x268 gba.o
 *fill*         0x0000000000031688        0x8 
 .text._ZL6arm01Fj
                0x0000000000031690      0x238 gba.o
 *fill*         0x00000000000318c8        0x8 
 .text._ZL6arm0DFj
                0x00000000000318d0      0x244 gba.o
 *fill*         0x0000000000031b14        0xc 
 .text._ZL6arm17Fj
                0x0000000000031b20      0x270 gba.o
 .text._ZL6arm05Fj
                0x0000000000031d90      0x244 gba.o
 *fill*         0x0000000000031fd4        0xc 
 .text._ZL6arm7B2j
                0x0000000000031fe0      0x264 gba.o
 *fill*         0x0000000000032244        0xc 
 .text._ZL6arm652j
                0x0000000000032250      0x238 gba.o
 *fill*         0x0000000000032488        0x8 
 .text._ZL6arm1FFj
                0x0000000000032490      0x270 gba.o
 .text._ZL6arm7F2j
                0x0000000000032700      0x268 gba.o
 *fill*         0x0000000000032968        0x8 
 .text._ZL6arm612j
                0x0000000000032970      0x234 gba.o
 *fill*         0x0000000000032ba4        0xc 
 .text._ZL6arm692j
                0x0000000000032bb0      0x234 gba.o
 *fill*         0x0000000000032de4        0xc 
 .text._ZL6arm6D2j
                0x0000000000032df0      0x238 gba.o
 *fill*         0x0000000000033028        0x8 
 .text._ZL6arm732j
                0x0000000000033030      0x264 gba.o
 *fill*         0x0000000000033294        0xc 
 .text._ZL6arm772j
                0x00000000000332a0      0x268 gba.o
 *fill*         0x0000000000033508        0x8 
 .text._ZL6arm0A5j
                0x0000000000033510      0x104 gba.o
 *fill*         0x0000000000033614        0xc 
 .text._ZL6arm7D6j
                0x0000000000033620      0x24c gba.o
 *fill*         0x000000000003386c        0x4 
 .text._ZL6arm7D4j
                0x0000000000033870      0x244 gba.o
 *fill*         0x0000000000033ab4        0xc 
 .text._ZL6arm756j
                0x0000000000033ac0      0x24c gba.o
 *fill*         0x0000000000033d0c        0x4 
 .text._ZL6arm754j
                0x0000000000033d10      0x244 gba.o
 *fill*         0x0000000000033f54        0xc 
 .text._ZL6arm794j
                0x0000000000033f60      0x240 gba.o
 .text._ZL6arm796j
                0x00000000000341a0      0x248 gba.o
 *fill*         0x00000000000343e8        0x8 
 .text._ZL6arm714j
                0x00000000000343f0      0x240 gba.o
 .text._ZL6arm716j
                0x0000000000034630      0x248 gba.o
 *fill*         0x0000000000034878        0x8 
 .text._ZL6arm137j
                0x0000000000034880      0x11c gba.o
 *fill*         0x000000000003499c        0x4 
 .text._ZL6arm0E5j
                0x00000000000349a0      0x108 gba.o
 *fill*         0x0000000000034aa8        0x8 
 .text._ZL6arm0C5j
                0x0000000000034ab0      0x108 gba.o
 *fill*         0x0000000000034bb8        0x8 
 .text._ZL6arm117j
                0x0000000000034bc0      0x118 gba.o
 *fill*         0x0000000000034cd8        0x8 
 .text._ZL6arm7F4j
                0x0000000000034ce0      0x268 gba.o
 *fill*         0x0000000000034f48        0x8 
 .text._ZL6arm7F6j
                0x0000000000034f50      0x270 gba.o
 .text._ZL6arm654j
                0x00000000000351c0      0x238 gba.o
 *fill*         0x00000000000353f8        0x8 
 .text._ZL6arm7B4j
                0x0000000000035400      0x264 gba.o
 *fill*         0x0000000000035664        0xc 
 .text._ZL6arm7B6j
                0x0000000000035670      0x26c gba.o
 *fill*         0x00000000000358dc        0x4 
 .text._ZL6arm696j
                0x00000000000358e0      0x23c gba.o
 *fill*         0x0000000000035b1c        0x4 
 .text._ZL6arm694j
                0x0000000000035b20      0x234 gba.o
 *fill*         0x0000000000035d54        0xc 
 .text._ZL6arm6D6j
                0x0000000000035d60      0x240 gba.o
 .text._ZL6arm614j
                0x0000000000035fa0      0x234 gba.o
 *fill*         0x00000000000361d4        0xc 
 .text._ZL6arm616j
                0x00000000000361e0      0x23c gba.o
 *fill*         0x000000000003641c        0x4 
 .text._ZL6arm776j
                0x0000000000036420      0x270 gba.o
 .text._ZL6arm734j
                0x0000000000036690      0x264 gba.o
 *fill*         0x00000000000368f4        0xc 
 .text._ZL6arm736j
                0x0000000000036900      0x26c gba.o
 *fill*         0x0000000000036b6c        0x4 
 .text._ZL6arm656j
                0x0000000000036b70      0x240 gba.o
 .text._ZL6arm6D4j
                0x0000000000036db0      0x238 gba.o
 *fill*         0x0000000000036fe8        0x8 
 .text._ZL6arm774j
                0x0000000000036ff0      0x268 gba.o
 *fill*         0x0000000000037258        0x8 
 .text._ZL6arm172j
                0x0000000000037260      0x10c gba.o
 *fill*         0x000000000003736c        0x4 
 .text._ZL6arm3F0j.part.141
                0x0000000000037370      0x214 gba.o
 *fill*         0x0000000000037584        0xc 
 .text._ZL6arm3D0j
                0x0000000000037590      0x114 gba.o
 *fill*         0x00000000000376a4        0xc 
 .text._ZL6arm3B0j
                0x00000000000376b0      0x108 gba.o
 *fill*         0x00000000000377b8        0x8 
 .text._ZL6arm390j
                0x00000000000377c0      0x114 gba.o
 *fill*         0x00000000000378d4        0xc 
 .text._ZL6arm230j
                0x00000000000378e0      0x114 gba.o
 *fill*         0x00000000000379f4        0xc 
 .text._ZL6arm210j
                0x0000000000037a00      0x114 gba.o
 *fill*         0x0000000000037b14        0xc 
 .text._ZL6arm1F6j
                0x0000000000037b20      0x118 gba.o
 *fill*         0x0000000000037c38        0x8 
 .text._ZL6arm1F4j
                0x0000000000037c40      0x118 gba.o
 *fill*         0x0000000000037d58        0x8 
 .text._ZL6arm1F2j
                0x0000000000037d60      0x10c gba.o
 *fill*         0x0000000000037e6c        0x4 
 .text._ZL6arm1F0j
                0x0000000000037e70      0x10c gba.o
 *fill*         0x0000000000037f7c        0x4 
 .text._ZL6arm1D2j
                0x0000000000037f80      0x120 gba.o
 .text._ZL6arm1D0j
                0x00000000000380a0      0x114 gba.o
 *fill*         0x00000000000381b4        0xc 
 .text._ZL6arm1B6j
                0x00000000000381c0      0x114 gba.o
 *fill*         0x00000000000382d4        0xc 
 .text._ZL6arm1B4j
                0x00000000000382e0      0x12c gba.o
 *fill*         0x000000000003840c        0x4 
 .text._ZL6arm1B2j
                0x0000000000038410      0x10c gba.o
 *fill*         0x000000000003851c        0x4 
 .text._ZL6arm1B0j
                0x0000000000038520      0x108 gba.o
 *fill*         0x0000000000038628        0x8 
 .text._ZL6arm194j
                0x0000000000038630      0x120 gba.o
 .text._ZL6arm192j
                0x0000000000038750      0x11c gba.o
 *fill*         0x000000000003886c        0x4 
 .text._ZL6arm190j
                0x0000000000038870      0x114 gba.o
 *fill*         0x0000000000038984        0xc 
 .text._ZL6arm034j
                0x0000000000038990      0x120 gba.o
 .text._ZL6arm032j
                0x0000000000038ab0      0x11c gba.o
 *fill*         0x0000000000038bcc        0x4 
 .text._ZL6arm030j
                0x0000000000038bd0      0x114 gba.o
 *fill*         0x0000000000038ce4        0xc 
 .text._ZL6arm014j
                0x0000000000038cf0      0x120 gba.o
 .text._ZL6arm012j
                0x0000000000038e10      0x118 gba.o
 *fill*         0x0000000000038f28        0x8 
 .text._ZL6arm010j
                0x0000000000038f30      0x114 gba.o
 *fill*         0x0000000000039044        0xc 
 .text._ZL6arm3F0j
                0x0000000000039050      0x10c gba.o
 *fill*         0x000000000003915c        0x4 
 .text._ZL16thumbUnknownInsnj
                0x0000000000039160       0xac gba.o
 *fill*         0x000000000003920c        0x4 
 .text._ZL6arm140j
                0x0000000000039210       0xd4 gba.o
 *fill*         0x00000000000392e4        0xc 
 .text._ZL7thumb47j
                0x00000000000392f0      0x12c gba.o
 *fill*         0x000000000003941c        0x4 
 .text._ZL6arm1B7j
                0x0000000000039420      0x340 gba.o
 .text._ZL6arm121j
                0x0000000000039760      0x134 gba.o
 *fill*         0x0000000000039894        0xc 
 .text._ZL6arm115j
                0x00000000000398a0      0x318 gba.o
 *fill*         0x0000000000039bb8        0x8 
 .text._ZL6arm131j
                0x0000000000039bc0      0x300 gba.o
 .text._ZL6arm111j
                0x0000000000039ec0      0x2fc gba.o
 *fill*         0x000000000003a1bc        0x4 
 .text._ZL6arm135j
                0x000000000003a1c0      0x2f8 gba.o
 *fill*         0x000000000003a4b8        0x8 
 .text._ZL6arm133j
                0x000000000003a4c0      0x300 gba.o
 .text._ZL6arm113j
                0x000000000003a7c0      0x2fc gba.o
 *fill*         0x000000000003aabc        0x4 
 .text._ZL7thumbBCj
                0x000000000003aac0      0x738 gba.o
 *fill*         0x000000000003b1f8        0x8 
 .text._ZL6arm360j
                0x000000000003b200      0x124 gba.o
 *fill*         0x000000000003b324        0xc 
 .text._ZL7thumbC8j
                0x000000000003b330      0x908 gba.o
 *fill*         0x000000000003bc38        0x8 
 .text._ZL6arm370j
                0x000000000003bc40      0x2f0 gba.o
 .text._ZL6arm350j
                0x000000000003bf30      0x2f4 gba.o
 *fill*         0x000000000003c224        0xc 
 .text._ZL6arm1F7j
                0x000000000003c230      0x344 gba.o
 *fill*         0x000000000003c574        0xc 
 .text._ZL6arm1D4j
                0x000000000003c580      0x33c gba.o
 *fill*         0x000000000003c8bc        0x4 
 .text._ZL6arm052j
                0x000000000003c8c0      0x338 gba.o
 *fill*         0x000000000003cbf8        0x8 
 .text._ZL6arm016j
                0x000000000003cc00      0x330 gba.o
 .text._ZL6arm072j
                0x000000000003cf30      0x338 gba.o
 *fill*         0x000000000003d268        0x8 
 .text._ZL6arm1B1j
                0x000000000003d270      0x344 gba.o
 *fill*         0x000000000003d5b4        0xc 
 .text._ZL6arm1B5j
                0x000000000003d5c0      0x354 gba.o
 *fill*         0x000000000003d914        0xc 
 .text._ZL6arm036j
                0x000000000003d920      0x330 gba.o
 .text._ZL6arm196j
                0x000000000003dc50      0x330 gba.o
 .text._ZL6arm170j
                0x000000000003df80      0x2f0 gba.o
 .text._ZL6arm150j
                0x000000000003e270      0x2f4 gba.o
 *fill*         0x000000000003e564        0xc 
 .text._ZL6arm1F1j
                0x000000000003e570      0x34c gba.o
 *fill*         0x000000000003e8bc        0x4 
 .text._ZL6arm1B3j
                0x000000000003e8c0      0x344 gba.o
 *fill*         0x000000000003ec04        0xc 
 .text._ZL6arm1F5j
                0x000000000003ec10      0x350 gba.o
 .text._ZL6arm1D6j
                0x000000000003ef60      0x330 gba.o
 .text._ZL6arm197j
                0x000000000003f290      0x34c gba.o
 *fill*         0x000000000003f5dc        0x4 
 .text._ZL6arm1F3j
                0x000000000003f5e0      0x34c gba.o
 *fill*         0x000000000003f92c        0x4 
 .text._ZL6arm017j
                0x000000000003f930      0x34c gba.o
 *fill*         0x000000000003fc7c        0x4 
 .text._ZL6arm037j
                0x000000000003fc80      0x34c gba.o
 *fill*         0x000000000003ffcc        0x4 
 .text._ZL6arm174j
                0x000000000003ffd0      0x2fc gba.o
 *fill*         0x00000000000402cc        0x4 
 .text._ZL6arm157j
                0x00000000000402d0      0x304 gba.o
 *fill*         0x00000000000405d4        0xc 
 .text._ZL6arm154j
                0x00000000000405e0      0x300 gba.o
 .text._ZL6arm177j
                0x00000000000408e0      0x300 gba.o
 .text._ZL6arm092j
                0x0000000000040be0      0x334 gba.o
 *fill*         0x0000000000040f14        0xc 
 .text._ZL6arm0F2j
                0x0000000000040f20      0x33c gba.o
 *fill*         0x000000000004125c        0x4 
 .text._ZL6arm0D2j
                0x0000000000041260      0x33c gba.o
 *fill*         0x000000000004159c        0x4 
 .text._ZL6arm1D7j
                0x00000000000415a0      0x34c gba.o
 *fill*         0x00000000000418ec        0x4 
 .text._ZL6arm100j
                0x00000000000418f0      0x148 gba.o
 *fill*         0x0000000000041a38        0x8 
 .text._ZL6arm195j
                0x0000000000041a40      0x334 gba.o
 *fill*         0x0000000000041d74        0xc 
 .text._ZL6arm011j
                0x0000000000041d80      0x350 gba.o
 .text._ZL6arm035j
                0x00000000000420d0      0x360 gba.o
 .text._ZL6arm015j
                0x0000000000042430      0x334 gba.o
 *fill*         0x0000000000042764        0xc 
 .text._ZL6arm031j
                0x0000000000042770      0x350 gba.o
 .text._ZL6arm191j
                0x0000000000042ac0      0x350 gba.o
 .text._ZL6arm156j
                0x0000000000042e10      0x304 gba.o
 *fill*         0x0000000000043114        0xc 
 .text._ZL6arm176j
                0x0000000000043120      0x300 gba.o
 .text._ZL6arm0B2j
                0x0000000000043420      0x334 gba.o
 *fill*         0x0000000000043754        0xc 
 .text._ZL6arm1D5j
                0x0000000000043760      0x334 gba.o
 *fill*         0x0000000000043a94        0xc 
 .text._ZL6arm1D1j
                0x0000000000043aa0      0x358 gba.o
 *fill*         0x0000000000043df8        0x8 
 .text._ZL6arm193j
                0x0000000000043e00      0x350 gba.o
 .text._ZL6arm033j
                0x0000000000044150      0x350 gba.o
 .text._ZL6arm013j
                0x00000000000444a0      0x350 gba.o
 .text._ZL6arm151j
                0x00000000000447f0      0x330 gba.o
 .text._ZL6arm173j
                0x0000000000044b20      0x32c gba.o
 *fill*         0x0000000000044e4c        0x4 
 .text._ZL6arm153j
                0x0000000000044e50      0x32c gba.o
 *fill*         0x000000000004517c        0x4 
 .text._ZL6arm171j
                0x0000000000045180      0x330 gba.o
 .text._ZL6arm1D3j
                0x00000000000454b0      0x358 gba.o
 *fill*         0x0000000000045808        0x8 
 .text._ZL6arm175j
                0x0000000000045810      0x308 gba.o
 *fill*         0x0000000000045b18        0x8 
 .text._ZL6arm155j
                0x0000000000045b20      0x30c gba.o
 *fill*         0x0000000000045e2c        0x4 
 .text._ZL6arm160j
                0x0000000000045e30      0x120 gba.o
 .text._ZL6arm290j
                0x0000000000045f50      0x344 gba.o
 *fill*         0x0000000000046294        0xc 
 .text._ZL6arm250j
                0x00000000000462a0      0x348 gba.o
 *fill*         0x00000000000465e8        0x8 
 .text._ZL6arm270j
                0x00000000000465f0      0x348 gba.o
 *fill*         0x0000000000046938        0x8 
 .text._ZL6arm070j
                0x0000000000046940      0x348 gba.o
 *fill*         0x0000000000046c88        0x8 
 .text._ZL6arm090j
                0x0000000000046c90      0x344 gba.o
 *fill*         0x0000000000046fd4        0xc 
 .text._ZL6arm050j
                0x0000000000046fe0      0x348 gba.o
 *fill*         0x0000000000047328        0x8 
 .text._ZL6arm2B0j
                0x0000000000047330      0x34c gba.o
 *fill*         0x000000000004767c        0x4 
 .text._ZL6arm2F0j
                0x0000000000047680      0x354 gba.o
 *fill*         0x00000000000479d4        0xc 
 .text._ZL6arm2D0j
                0x00000000000479e0      0x354 gba.o
 *fill*         0x0000000000047d34        0xc 
 .text._ZL6arm094j
                0x0000000000047d40      0x350 gba.o
 .text._ZL6arm077j
                0x0000000000048090      0x358 gba.o
 *fill*         0x00000000000483e8        0x8 
 .text._ZL6arm074j
                0x00000000000483f0      0x354 gba.o
 *fill*         0x0000000000048744        0xc 
 .text._ZL6arm097j
                0x0000000000048750      0x354 gba.o
 *fill*         0x0000000000048aa4        0xc 
 .text._ZL6arm057j
                0x0000000000048ab0      0x358 gba.o
 *fill*         0x0000000000048e08        0x8 
 .text._ZL6arm054j
                0x0000000000048e10      0x354 gba.o
 *fill*         0x0000000000049164        0xc 
 .text._ZL6arm0B0j
                0x0000000000049170      0x34c gba.o
 *fill*         0x00000000000494bc        0x4 
 .text._ZL6arm0D0j
                0x00000000000494c0      0x354 gba.o
 *fill*         0x0000000000049814        0xc 
 .text._ZL6arm0F0j
                0x0000000000049820      0x354 gba.o
 *fill*         0x0000000000049b74        0xc 
 .text._ZL6arm056j
                0x0000000000049b80      0x358 gba.o
 *fill*         0x0000000000049ed8        0x8 
 .text._ZL6arm076j
                0x0000000000049ee0      0x358 gba.o
 *fill*         0x000000000004a238        0x8 
 .text._ZL6arm096j
                0x000000000004a240      0x354 gba.o
 *fill*         0x000000000004a594        0xc 
 .text._ZL6arm0B4j
                0x000000000004a5a0      0x358 gba.o
 *fill*         0x000000000004a8f8        0x8 
 .text._ZL6arm0B7j
                0x000000000004a900      0x35c gba.o
 *fill*         0x000000000004ac5c        0x4 
 .text._ZL6arm053j
                0x000000000004ac60      0x380 gba.o
 .text._ZL6arm051j
                0x000000000004afe0      0x380 gba.o
 .text._ZL6arm0D7j
                0x000000000004b360      0x364 gba.o
 *fill*         0x000000000004b6c4        0xc 
 .text._ZL6arm0D4j
                0x000000000004b6d0      0x360 gba.o
 .text._ZL6arm093j
                0x000000000004ba30      0x37c gba.o
 *fill*         0x000000000004bdac        0x4 
 .text._ZL6arm073j
                0x000000000004bdb0      0x380 gba.o
 .text._ZL6arm0F7j
                0x000000000004c130      0x364 gba.o
 *fill*         0x000000000004c494        0xc 
 .text._ZL6arm091j
                0x000000000004c4a0      0x37c gba.o
 *fill*         0x000000000004c81c        0x4 
 .text._ZL6arm071j
                0x000000000004c820      0x380 gba.o
 .text._ZL6arm0B6j
                0x000000000004cba0      0x358 gba.o
 *fill*         0x000000000004cef8        0x8 
 .text._ZL6arm0F4j
                0x000000000004cf00      0x360 gba.o
 .text._ZL6arm0F6j
                0x000000000004d260      0x360 gba.o
 .text._ZL6arm0D6j
                0x000000000004d5c0      0x360 gba.o
 .text._ZL6arm055j
                0x000000000004d920      0x378 gba.o
 *fill*         0x000000000004dc98        0x8 
 .text._ZL6arm095j
                0x000000000004dca0      0x374 gba.o
 *fill*         0x000000000004e014        0xc 
 .text._ZL6arm075j
                0x000000000004e020      0x378 gba.o
 *fill*         0x000000000004e398        0x8 
 .text._ZL6arm0B1j
                0x000000000004e3a0      0x384 gba.o
 *fill*         0x000000000004e724        0xc 
 .text._ZL6arm0B3j
                0x000000000004e730      0x384 gba.o
 *fill*         0x000000000004eab4        0xc 
 .text._ZL6arm0D3j
                0x000000000004eac0      0x38c gba.o
 *fill*         0x000000000004ee4c        0x4 
 .text._ZL6arm0D1j
                0x000000000004ee50      0x38c gba.o
 *fill*         0x000000000004f1dc        0x4 
 .text._ZL6arm0F3j
                0x000000000004f1e0      0x38c gba.o
 *fill*         0x000000000004f56c        0x4 
 .text._ZL6arm0F1j
                0x000000000004f570      0x38c gba.o
 *fill*         0x000000000004f8fc        0x4 
 .text._ZL6arm0B5j
                0x000000000004f900      0x37c gba.o
 *fill*         0x000000000004fc7c        0x4 
 .text._ZL6arm0F5j
                0x000000000004fc80      0x384 gba.o
 *fill*         0x0000000000050004        0xc 
 .text._ZL6arm0D5j
                0x0000000000050010      0x384 gba.o
 *fill*         0x0000000000050394        0xc 
 .text._Z12SetFrameskipi
                0x00000000000503a0       0x20 gba.o
                0x00000000000503a0                SetFrameskip(int)
 .text._Z11gfxReadTilePKtiPKhPtj
                0x00000000000503c0      0x1f4 gba.o
                0x00000000000503c0                gfxReadTile(unsigned short const*, int, unsigned char const*, unsigned short*, unsigned int)
 *fill*         0x00000000000505b4        0xc 
 .text._Z14gfxReadTilePalPKtiPKhPtj
                0x00000000000505c0      0x21c gba.o
                0x00000000000505c0                gfxReadTilePal(unsigned short const*, int, unsigned char const*, unsigned short*, unsigned int)
 *fill*         0x00000000000507dc        0x4 
 .text._Z13CPUWriteStatePhj
                0x00000000000507e0      0x134 gba.o
                0x00000000000507e0                CPUWriteState(unsigned char*, unsigned int)
 *fill*         0x0000000000050914        0xc 
 .text._Z19CPUWriteBatteryFilePKc
                0x0000000000050920      0x178 gba.o
                0x0000000000050920                CPUWriteBatteryFile(char const*)
 *fill*         0x0000000000050a98        0x8 
 .text._Z18CPUReadBatteryFilePKc
                0x0000000000050aa0      0x134 gba.o
                0x0000000000050aa0                CPUReadBatteryFile(char const*)
 *fill*         0x0000000000050bd4        0xc 
 .text._Z10CPUCleanUpv
                0x0000000000050be0       0xd0 gba.o
                0x0000000000050be0                CPUCleanUp()
 .text._Z15CPUSetupBuffersv
                0x0000000000050cb0      0x21c gba.o
                0x0000000000050cb0                CPUSetupBuffers()
 *fill*         0x0000000000050ecc        0x4 
 .text._Z10CPULoadRomPKc
                0x0000000000050ed0      0x15c gba.o
                0x0000000000050ed0                CPULoadRom(char const*)
 *fill*         0x000000000005102c        0x4 
 .text._Z11doMirroringb
                0x0000000000051030       0x94 gba.o
                0x0000000000051030                doMirroring(bool)
 *fill*         0x00000000000510c4        0xc 
 .text._Z17CPUUpdateRegisterjt
                0x00000000000510d0      0xd00 gba.o
                0x00000000000510d0                CPUUpdateRegister(unsigned int, unsigned short)
 .text._Z12CPUReadStatePKhj
                0x0000000000051dd0      0x460 gba.o
                0x0000000000051dd0                CPUReadState(unsigned char const*, unsigned int)
 .text._ZL14CPUWriteMemoryjj
                0x0000000000052230      0x178 gba.o
 *fill*         0x00000000000523a8        0x8 
 .text._ZL6arm9E0j
                0x00000000000523b0     0x1150 gba.o
 .text._ZL6arm9C0j
                0x0000000000053500     0x1070 gba.o
 .text._ZL6arm9A0j
                0x0000000000054570      0xec0 gba.o
 .text._ZL6arm980j
                0x0000000000055430      0xeb0 gba.o
 .text._ZL6arm960j
                0x00000000000562e0     0x1150 gba.o
 .text._ZL6arm940j
                0x0000000000057430     0x1070 gba.o
 .text._ZL6arm920j
                0x00000000000584a0      0xec0 gba.o
 .text._ZL6arm900j
                0x0000000000059360      0xec8 gba.o
 *fill*         0x000000000005a228        0x8 
 .text._ZL6arm8E0j
                0x000000000005a230     0x1150 gba.o
 .text._ZL6arm8C0j
                0x000000000005b380     0x1064 gba.o
 *fill*         0x000000000005c3e4        0xc 
 .text._ZL6arm8A0j
                0x000000000005c3f0      0xec0 gba.o
 .text._ZL6arm880j
                0x000000000005d2b0      0xeac gba.o
 *fill*         0x000000000005e15c        0x4 
 .text._ZL6arm860j
                0x000000000005e160     0x1150 gba.o
 .text._ZL6arm840j
                0x000000000005f2b0     0x1070 gba.o
 .text._ZL6arm820j
                0x0000000000060320      0xec0 gba.o
 .text._ZL6arm800j
                0x00000000000611e0      0xe54 gba.o
 *fill*         0x0000000000062034        0xc 
 .text._ZL6arm7A6j
                0x0000000000062040      0x178 gba.o
 *fill*         0x00000000000621b8        0x8 
 .text._ZL6arm7A4j
                0x00000000000621c0      0x16c gba.o
 *fill*         0x000000000006232c        0x4 
 .text._ZL6arm7A2j
                0x0000000000062330      0x170 gba.o
 .text._ZL6arm7A0j
                0x00000000000624a0      0x160 gba.o
 .text._ZL6arm786j
                0x0000000000062600      0x170 gba.o
 .text._ZL6arm784j
                0x0000000000062770      0x168 gba.o
 *fill*         0x00000000000628d8        0x8 
 .text._ZL6arm782j
                0x00000000000628e0      0x168 gba.o
 *fill*         0x0000000000062a48        0x8 
 .text._ZL6arm780j
                0x0000000000062a50      0x15c gba.o
 *fill*         0x0000000000062bac        0x4 
 .text._ZL6arm726j
                0x0000000000062bb0      0x178 gba.o
 *fill*         0x0000000000062d28        0x8 
 .text._ZL6arm724j
                0x0000000000062d30      0x16c gba.o
 *fill*         0x0000000000062e9c        0x4 
 .text._ZL6arm722j
                0x0000000000062ea0      0x170 gba.o
 .text._ZL6arm720j
                0x0000000000063010      0x160 gba.o
 .text._ZL6arm706j
                0x0000000000063170      0x170 gba.o
 .text._ZL6arm704j
                0x00000000000632e0      0x168 gba.o
 *fill*         0x0000000000063448        0x8 
 .text._ZL6arm702j
                0x0000000000063450      0x168 gba.o
 *fill*         0x00000000000635b8        0x8 
 .text._ZL6arm700j
                0x00000000000635c0      0x15c gba.o
 *fill*         0x000000000006371c        0x4 
 .text._ZL6arm686j
                0x0000000000063720      0x188 gba.o
 *fill*         0x00000000000638a8        0x8 
 .text._ZL6arm684j
                0x00000000000638b0      0x17c gba.o
 *fill*         0x0000000000063a2c        0x4 
 .text._ZL6arm682j
                0x0000000000063a30      0x180 gba.o
 .text._ZL6arm680j
                0x0000000000063bb0      0x170 gba.o
 .text._ZL6arm606j
                0x0000000000063d20      0x188 gba.o
 *fill*         0x0000000000063ea8        0x8 
 .text._ZL6arm604j
                0x0000000000063eb0      0x17c gba.o
 *fill*         0x000000000006402c        0x4 
 .text._ZL6arm602j
                0x0000000000064030      0x180 gba.o
 .text._ZL6arm600j
                0x00000000000641b0      0x170 gba.o
 .text._ZL6arm5A0j
                0x0000000000064320      0x154 gba.o
 *fill*         0x0000000000064474        0xc 
 .text._ZL6arm580j
                0x0000000000064480      0x150 gba.o
 .text._ZL6arm520j
                0x00000000000645d0      0x154 gba.o
 *fill*         0x0000000000064724        0xc 
 .text._ZL6arm500j
                0x0000000000064730      0x150 gba.o
 .text._ZL6arm480j
                0x0000000000064880      0x168 gba.o
 *fill*         0x00000000000649e8        0x8 
 .text._ZL6arm400j
                0x00000000000649f0      0x168 gba.o
 *fill*         0x0000000000064b58        0x8 
 .text._ZL6arm109j
                0x0000000000064b60      0x160 gba.o
 .text._ZL7thumbC0j
                0x0000000000064cc0      0x790 gba.o
 .text._ZL7thumbB5j
                0x0000000000065450      0x848 gba.o
 *fill*         0x0000000000065c98        0x8 
 .text._ZL7thumbB4j
                0x0000000000065ca0      0x748 gba.o
 *fill*         0x00000000000663e8        0x8 
 .text._ZL7thumb90j
                0x00000000000663f0      0x150 gba.o
 .text._ZL7thumb60j
                0x0000000000066540      0x15c gba.o
 *fill*         0x000000000006669c        0x4 
 .text._ZL7thumb50j
                0x00000000000666a0      0x15c gba.o
 *fill*         0x00000000000667fc        0x4 
 .text._ZL16CPUWriteHalfWordjt
                0x0000000000066800      0x190 gba.o
 .text._Z5doDMARjS_jjji
                0x0000000000066990      0x294 gba.o
                0x0000000000066990                doDMA(unsigned int&, unsigned int&, unsigned int, unsigned int, unsigned int, int)
 *fill*         0x0000000000066c24        0xc 
 .text._Z11CPUCheckDMAii
                0x0000000000066c30      0x37c gba.o
                0x0000000000066c30                CPUCheckDMA(int, int)
 *fill*         0x0000000000066fac        0x4 
 .text._ZL6arm1EBj
                0x0000000000066fb0      0x164 gba.o
 *fill*         0x0000000000067114        0xc 
 .text._ZL6arm1CBj
                0x0000000000067120      0x160 gba.o
 .text._ZL6arm1ABj
                0x0000000000067280      0x15c gba.o
 *fill*         0x00000000000673dc        0x4 
 .text._ZL6arm18Bj
                0x00000000000673e0      0x158 gba.o
 *fill*         0x0000000000067538        0x8 
 .text._ZL6arm16Bj
                0x0000000000067540      0x164 gba.o
 *fill*         0x00000000000676a4        0xc 
 .text._ZL6arm14Bj
                0x00000000000676b0      0x160 gba.o
 .text._ZL6arm12Bj
                0x0000000000067810      0x15c gba.o
 *fill*         0x000000000006796c        0x4 
 .text._ZL6arm10Bj
                0x0000000000067970      0x158 gba.o
 *fill*         0x0000000000067ac8        0x8 
 .text._ZL6arm0CBj
                0x0000000000067ad0      0x174 gba.o
 *fill*         0x0000000000067c44        0xc 
 .text._ZL6arm08Bj
                0x0000000000067c50      0x16c gba.o
 *fill*         0x0000000000067dbc        0x4 
 .text._ZL6arm04Bj
                0x0000000000067dc0      0x174 gba.o
 *fill*         0x0000000000067f34        0xc 
 .text._ZL6arm00Bj
                0x0000000000067f40      0x16c gba.o
 *fill*         0x00000000000680ac        0x4 
 .text._ZL7thumb80j
                0x00000000000680b0      0x15c gba.o
 *fill*         0x000000000006820c        0x4 
 .text._ZL7thumb52j
                0x0000000000068210      0x15c gba.o
 *fill*         0x000000000006836c        0x4 
 .text._ZL12CPUWriteBytejh
                0x0000000000068370      0x27c gba.o
 *fill*         0x00000000000685ec        0x4 
 .text._ZL6arm7E6j
                0x00000000000685f0      0x17c gba.o
 *fill*         0x000000000006876c        0x4 
 .text._ZL6arm7E4j
                0x0000000000068770      0x170 gba.o
 .text._ZL6arm7E2j
                0x00000000000688e0      0x174 gba.o
 *fill*         0x0000000000068a54        0xc 
 .text._ZL6arm7E0j
                0x0000000000068a60      0x164 gba.o
 *fill*         0x0000000000068bc4        0xc 
 .text._ZL6arm7C6j
                0x0000000000068bd0      0x174 gba.o
 *fill*         0x0000000000068d44        0xc 
 .text._ZL6arm7C4j
                0x0000000000068d50      0x16c gba.o
 *fill*         0x0000000000068ebc        0x4 
 .text._ZL6arm7C2j
                0x0000000000068ec0      0x16c gba.o
 *fill*         0x000000000006902c        0x4 
 .text._ZL6arm7C0j
                0x0000000000069030      0x160 gba.o
 .text._ZL6arm766j
                0x0000000000069190      0x17c gba.o
 *fill*         0x000000000006930c        0x4 
 .text._ZL6arm764j
                0x0000000000069310      0x170 gba.o
 .text._ZL6arm762j
                0x0000000000069480      0x174 gba.o
 *fill*         0x00000000000695f4        0xc 
 .text._ZL6arm760j
                0x0000000000069600      0x164 gba.o
 *fill*         0x0000000000069764        0xc 
 .text._ZL6arm746j
                0x0000000000069770      0x174 gba.o
 *fill*         0x00000000000698e4        0xc 
 .text._ZL6arm744j
                0x00000000000698f0      0x16c gba.o
 *fill*         0x0000000000069a5c        0x4 
 .text._ZL6arm742j
                0x0000000000069a60      0x16c gba.o
 *fill*         0x0000000000069bcc        0x4 
 .text._ZL6arm740j
                0x0000000000069bd0      0x160 gba.o
 .text._ZL6arm6C6j
                0x0000000000069d30      0x18c gba.o
 *fill*         0x0000000000069ebc        0x4 
 .text._ZL6arm6C4j
                0x0000000000069ec0      0x180 gba.o
 .text._ZL6arm6C2j
                0x000000000006a040      0x184 gba.o
 *fill*         0x000000000006a1c4        0xc 
 .text._ZL6arm6C0j
                0x000000000006a1d0      0x174 gba.o
 *fill*         0x000000000006a344        0xc 
 .text._ZL6arm646j
                0x000000000006a350      0x18c gba.o
 *fill*         0x000000000006a4dc        0x4 
 .text._ZL6arm644j
                0x000000000006a4e0      0x180 gba.o
 .text._ZL6arm642j
                0x000000000006a660      0x184 gba.o
 *fill*         0x000000000006a7e4        0xc 
 .text._ZL6arm640j
                0x000000000006a7f0      0x174 gba.o
 *fill*         0x000000000006a964        0xc 
 .text._ZL6arm5E0j
                0x000000000006a970      0x158 gba.o
 *fill*         0x000000000006aac8        0x8 
 .text._ZL6arm5C0j
                0x000000000006aad0      0x154 gba.o
 *fill*         0x000000000006ac24        0xc 
 .text._ZL6arm560j
                0x000000000006ac30      0x158 gba.o
 *fill*         0x000000000006ad88        0x8 
 .text._ZL6arm540j
                0x000000000006ad90      0x154 gba.o
 *fill*         0x000000000006aee4        0xc 
 .text._ZL6arm4C0j
                0x000000000006aef0      0x16c gba.o
 *fill*         0x000000000006b05c        0x4 
 .text._ZL6arm440j
                0x000000000006b060      0x16c gba.o
 *fill*         0x000000000006b1cc        0x4 
 .text._ZL6arm149j
                0x000000000006b1d0      0x130 gba.o
 .text._ZL7thumb70j
                0x000000000006b300      0x158 gba.o
 *fill*         0x000000000006b458        0x8 
 .text._ZL7thumb54j
                0x000000000006b460      0x15c gba.o
 *fill*         0x000000000006b5bc        0x4 
 .text._ZL12CPUWriteBytejh.constprop.197
                0x000000000006b5c0       0x10 gba.o
 .text._ZL21BIOS_RegisterRamResetj.part.184
                0x000000000006b5d0      0x270 gba.o
 .text._ZL20CPUSoftwareInterrupti
                0x000000000006b840     0x1584 gba.o
 *fill*         0x000000000006cdc4        0xc 
 .text._ZL6armF00j
                0x000000000006cdd0      0x10c gba.o
 *fill*         0x000000000006cedc        0x4 
 .text._ZL7thumbDFj
                0x000000000006cee0       0x30 gba.o
 .text._Z7CPUInitPKcb
                0x000000000006cf10      0x34c gba.o
                0x000000000006cf10                CPUInit(char const*, bool)
 *fill*         0x000000000006d25c        0x4 
 .text._Z8CPUResetv
                0x000000000006d260      0x70c gba.o
                0x000000000006d260                CPUReset()
 *fill*         0x000000000006d96c        0x4 
 .text._Z12UpdateJoypadv
                0x000000000006d970       0x78 gba.o
                0x000000000006d970                UpdateJoypad()
 *fill*         0x000000000006d9e8        0x8 
 .text._Z13GetRenderFuncILi0EEPFvvEii
                0x000000000006d9f0      0x104 gba.o
                0x000000000006d9f0                void (*GetRenderFunc<0>(int, int))()
 *fill*         0x000000000006daf4        0xc 
 .text._Z7CPULoopv
                0x000000000006db00     0x27ac gba.o
                0x000000000006db00                CPULoop()
 *fill*         0x00000000000702ac        0x4 
 .text._Z17gfxDrawTextScreenILi0ELi0EEvttt
                0x00000000000702b0      0x6f0 gba.o
                0x00000000000702b0                void gfxDrawTextScreen<0, 0>(unsigned short, unsigned short, unsigned short)
 .text._Z17gfxDrawTextScreenILi1ELi0EEvttt
                0x00000000000709a0      0x6a4 gba.o
                0x00000000000709a0                void gfxDrawTextScreen<1, 0>(unsigned short, unsigned short, unsigned short)
 *fill*         0x0000000000071044        0xc 
 .text._Z18mode1RenderLineAllILi0EEvv
                0x0000000000071050      0x604 gba.o
 *fill*         0x0000000000071654        0xc 
 .text._Z23mode1RenderLineNoWindowILi0EEvv
                0x0000000000071660      0x504 gba.o
 *fill*         0x0000000000071b64        0xc 
 .text._Z15mode1RenderLineILi0EEvv
                0x0000000000071b70      0x318 gba.o
 *fill*         0x0000000000071e88        0x8 
 .text._Z17gfxDrawTextScreenILi2ELi0EEvttt
                0x0000000000071e90      0x6a4 gba.o
                0x0000000000071e90                void gfxDrawTextScreen<2, 0>(unsigned short, unsigned short, unsigned short)
 *fill*         0x0000000000072534        0xc 
 .text._Z17gfxDrawTextScreenILi3ELi0EEvttt
                0x0000000000072540      0x6a4 gba.o
                0x0000000000072540                void gfxDrawTextScreen<3, 0>(unsigned short, unsigned short, unsigned short)
 *fill*         0x0000000000072be4        0xc 
 .text._Z18mode0RenderLineAllILi0EEvv
                0x0000000000072bf0      0x634 gba.o
 *fill*         0x0000000000073224        0xc 